###############################################################################
#
# IAR ELF Linker V3.11.1.207 for STM8                     23/Jul/2019  14:26:40
# Copyright 2010-2019 IAR Systems AB.
#
#    Output file  =  
#        C:\Users\hera.fgatraining\Desktop\Workplace\FPT_Lab\rtos_lab\project\Debug\Exe\rtos.out
#    Map file     =  
#        C:\Users\hera.fgatraining\Desktop\Workplace\FPT_Lab\rtos_lab\project\Debug\List\rtos.map
#    Command line =  
#        -f C:\Users\HERA~1.FGA\AppData\Local\Temp\EW391B.tmp
#        (C:\Users\hera.fgatraining\Desktop\Workplace\FPT_Lab\rtos_lab\project\Debug\Obj\atomkernel.o
#        C:\Users\hera.fgatraining\Desktop\Workplace\FPT_Lab\rtos_lab\project\Debug\Obj\atommutex.o
#        C:\Users\hera.fgatraining\Desktop\Workplace\FPT_Lab\rtos_lab\project\Debug\Obj\atomport-asm-iar.o
#        C:\Users\hera.fgatraining\Desktop\Workplace\FPT_Lab\rtos_lab\project\Debug\Obj\atomport.o
#        C:\Users\hera.fgatraining\Desktop\Workplace\FPT_Lab\rtos_lab\project\Debug\Obj\atomqueue.o
#        C:\Users\hera.fgatraining\Desktop\Workplace\FPT_Lab\rtos_lab\project\Debug\Obj\atomsem.o
#        C:\Users\hera.fgatraining\Desktop\Workplace\FPT_Lab\rtos_lab\project\Debug\Obj\atomtimer.o
#        C:\Users\hera.fgatraining\Desktop\Workplace\FPT_Lab\rtos_lab\project\Debug\Obj\main.o
#        C:\Users\hera.fgatraining\Desktop\Workplace\FPT_Lab\rtos_lab\project\Debug\Obj\stm8l152c6_clk.o
#        C:\Users\hera.fgatraining\Desktop\Workplace\FPT_Lab\rtos_lab\project\Debug\Obj\stm8l152c6_clock.o
#        C:\Users\hera.fgatraining\Desktop\Workplace\FPT_Lab\rtos_lab\project\Debug\Obj\stm8l_gpio.o
#        C:\Users\hera.fgatraining\Desktop\Workplace\FPT_Lab\rtos_lab\project\Debug\Obj\stm8l_lcd.o
#        C:\Users\hera.fgatraining\Desktop\Workplace\FPT_Lab\rtos_lab\project\Debug\Obj\stm8l_timer1.o
#        --redirect _Printf=_PrintfSmall --redirect _Scanf=_ScanfSmall
#        --no_out_extension -o
#        C:\Users\hera.fgatraining\Desktop\Workplace\FPT_Lab\rtos_lab\project\Debug\Exe\rtos.out
#        --map
#        C:\Users\hera.fgatraining\Desktop\Workplace\FPT_Lab\rtos_lab\project\Debug\List\rtos.map
#        --config "C:\Program Files (x86)\IAR Systems\Embedded Workbench
#        8.3\stm8\config\lnkstm8l152c6.icf" --config_def _CSTACK_SIZE=0x100
#        --config_def _HEAP_SIZE=0x100 --entry __iar_program_start --debug_lib)
#
###############################################################################

*******************************************************************************
*** RUNTIME MODEL ATTRIBUTES
***

__SystemLibrary            = DLib
__code_model               = small
__core                     = stm8
__data_model               = medium
__dlib_file_descriptor     = 0
__dlib_full_locale_support = 0
__rt_version               = 4


*******************************************************************************
*** PLACEMENT SUMMARY
***

"A0":  place at start of [0x000000-0x0000ff] { rw section .vregs };
"A1":  place at end of [0x000000-0x0007ff] { block CSTACK };
"P2":  place in [from 0x000000 to 0x0007ff] {
          block HEAP, rw section __DLIB_PERTHREAD, rw section .far.bss,
          rw section .far.data, rw section .far.noinit,
          rw section .far_func.textrw, rw section .huge.bss,
          rw section .huge.data, rw section .huge.noinit,
          rw section .huge_func.textrw, rw section .iar.dynexit,
          rw section .near.bss, rw section .near.data, rw section .near.noinit,
          rw section .near_func.textrw };
"A2":  place at start of [0x008000-0x00ffff] { block INTVEC };
"P3":  place in [from 0x008000 to 0x00ffff] {
          ro section __DLIB_PERTHREAD_init, ro section .far.data_init,
          ro section .far_func.textrw_init, ro section .huge.data_init,
          ro section .huge_func.textrw_init, ro section .iar.init_table,
          ro section .init_array, ro section .near.data_init,
          ro section .near.rodata, ro section .near_func.text,
          ro section .near_func.textrw_init, ro section .tiny.data_init,
          ro section .tiny.rodata_init };
"P4":  place in [from 0x008000 to 0x00ffff] {
          ro section .far.rodata, ro section .far_func.text };
"P5":  place in [from 0x008000 to 0x00ffff] {
          ro section .huge.rodata, ro section .huge_func.text };
do not initialize {
   rw section .eeprom.noinit, rw section .far.noinit, rw section .huge.noinit,
   rw section .near.noinit, rw section .tiny.noinit, rw section .vregs };
initialize by copy {
   rw section .far.bss, rw section .far.data, rw section .far_func.textrw,
   rw section .huge.bss, rw section .huge.data, rw section .huge_func.textrw,
   rw section .iar.dynexit, rw section .near.bss, rw section .near.data,
   rw section .near_func.textrw, rw section .tiny.bss, rw section .tiny.data,
   ro section .tiny.rodata };

No sections matched the following patterns:

  ro section .far.data_init          in "P3-P5"
  ro section .far.rodata             in "P3-P5"
  ro section .far_func.text          in "P3-P5"
  ro section .far_func.textrw_init   in "P3-P5"
  ro section .huge.data_init         in "P3-P5"
  ro section .huge.rodata            in "P3-P5"
  ro section .huge_func.text         in "P3-P5"
  ro section .huge_func.textrw_init  in "P3-P5"
  ro section .iar.init_table         in "P3-P5"
  ro section .init_array             in "P3-P5"
  ro section .near_func.textrw_init  in "P3-P5"
  ro section .tiny.data_init         in "P3-P5"
  ro section .tiny.rodata_init       in "P3-P5"
  ro section __DLIB_PERTHREAD_init   in "P3-P5"
  rw section .far.bss                in "P2"
  rw section .far.data               in "P2"
  rw section .far.noinit             in "P2"
  rw section .far_func.textrw        in "P2"
  rw section .huge.bss               in "P2"
  rw section .huge.data              in "P2"
  rw section .huge.noinit            in "P2"
  rw section .huge_func.textrw       in "P2"
  rw section .iar.dynexit            in "P2"
  rw section .near.noinit            in "P2"
  rw section .near_func.textrw       in "P2"
  rw section .tiny.bss               in "P1"
  rw section .tiny.data              in "P1"
  rw section .tiny.noinit            in "P1"
  rw section .tiny.rodata            in "P1"
  rw section __DLIB_PERTHREAD        in "P2"
  section .eeprom.data               in "P6-P8"
  section .eeprom.noinit             in "P6-P8"
  section .eeprom.rodata             in "P6-P8"


  Section            Kind      Address    Size  Object
  -------            ----      -------    ----  ------
"A0":                                     0x10
  .vregs             uninit   0x000000    0x10  vregs.o [4]
                            - 0x000010    0x10

"P2", part 1 of 2:                        0x5f
  P2-1                        0x000010    0x5f  <Init block>
    .near.data       inited   0x000010     0x1  main.o [1]
    .near.data       inited   0x000011    0x4c  stm8l_lcd.o [1]
    .near.data       inited   0x00005d     0x1  stm8l_lcd.o [1]
    .near.data       inited   0x00005e    0x11  stm8l_lcd.o [1]
                            - 0x00006f    0x5f

"P2", part 2 of 2:                       0x5a8
  .near.bss          zero     0x00006f   0x180  main.o [1]
  .near.bss          zero     0x0001ef   0x180  main.o [1]
  .near.bss          zero     0x00036f   0x180  main.o [1]
  .near.bss          zero     0x0004ef    0x80  main.o [1]
  .near.bss          zero     0x00056f    0x32  stm8l_lcd.o [1]
  .near.bss          zero     0x0005a1    0x18  atomkernel.o [1]
  .near.bss          zero     0x0005b9    0x18  main.o [1]
  .near.bss          zero     0x0005d1    0x18  main.o [1]
  .near.bss          zero     0x0005e9    0x18  main.o [1]
  .near.bss          zero     0x000601     0x4  atomtimer.o [1]
  .near.bss          zero     0x000605     0x3  main.o [1]
  .near.bss          zero     0x000608     0x3  main.o [1]
  .near.bss          zero     0x00060b     0x2  atomkernel.o [1]
  .near.bss          zero     0x00060d     0x2  atomkernel.o [1]
  .near.bss          zero     0x00060f     0x2  atomkernel.o [1]
  .near.bss          zero     0x000611     0x2  atomtimer.o [1]
  .near.bss          zero     0x000613     0x2  stm8l_lcd.o [1]
  .near.bss          zero     0x000615     0x1  atomkernel.o [1]
  .near.bss          zero     0x000616     0x1  stm8l_gpio.o [1]
                            - 0x000617   0x5a8

"A1":                                    0x100
  CSTACK                      0x000700   0x100  <Block>
    CSTACK           uninit   0x000700   0x100  <Block tail>
                            - 0x000800   0x100

"A2":                                     0x80
  INTVEC                      0x008000    0x80  <Block>
    .intvec          const    0x008000    0x80  interrupt.o [4]
                            - 0x008080    0x80

"P3-P5":                                0x15d9
  .near_func.text    ro code  0x008080   0x43d  stm8l_lcd.o [1]
  .near_func.text    ro code  0x0084bd   0x1d1  atomkernel.o [1]
  .near_func.text    ro code  0x00868e   0x135  atomsem.o [1]
  .near_func.text    ro code  0x0087c3    0xdf  vreg_util.o [4]
  .near_func.text    ro code  0x0088a2    0xd5  stm8l_lcd.o [1]
  .near_func.text    ro code  0x008977    0xce  atomtimer.o [1]
  .near_func.text    ro code  0x008a45    0xbe  main.o [1]
  .near_func.text    ro code  0x008b03    0xbc  stm8l_gpio.o [1]
  .near_func.text    ro code  0x008bbf    0xb5  atomsem.o [1]
  .near_func.text    ro code  0x008c74    0xb3  atomkernel.o [1]
  .near_func.text    ro code  0x008d27    0xa9  atomkernel.o [1]
  .near_func.text    ro code  0x008dd0    0x8f  atomtimer.o [1]
  .near_func.text    ro code  0x008e5f    0x88  stm8l_lcd.o [1]
  .near_func.text    ro code  0x008ee7    0x66  main.o [1]
  .near_func.text    ro code  0x008f4d    0x63  long_util.o [4]
  .near_func.text    ro code  0x008fb0    0x62  stm8l152c6_clk.o [1]
  Initializer bytes  const    0x009012    0x5f  <for P2-1>
  .near_func.text    ro code  0x009071    0x5c  atomtimer.o [1]
  .near_func.text    ro code  0x0090cd    0x5c  main.o [1]
  .near_func.text    ro code  0x009129    0x5a  atomsem.o [1]
  .near_func.text    ro code  0x009183    0x58  atomport-asm-iar.o [1]
  .near_func.text    ro code  0x0091db    0x57  atomkernel.o [1]
  .near_func.text    ro code  0x009232    0x55  atomtimer.o [1]
  .near_func.text    ro code  0x009287    0x51  atomkernel.o [1]
  .near_func.text    ro code  0x0092d8    0x48  long.o [4]
  .near_func.text    ro code  0x009320    0x36  atomport.o [1]
  .near_func.text    ro code  0x009356    0x35  main.o [1]
  .near_func.text    ro code  0x00938b    0x35  stm8l_lcd.o [1]
  .near_func.text    ro code  0x0093c0    0x2f  stm8l_lcd.o [1]
  .near_func.text    ro code  0x0093ef    0x28  atomtimer.o [1]
  .near_func.text    ro code  0x009417    0x28  init_small.o [4]
  .near_func.text    ro code  0x00943f    0x27  atomkernel.o [1]
  .near_func.text    ro code  0x009466    0x26  short.o [4]
  .near_func.text    ro code  0x00948c    0x22  atomport.o [1]
  .near_func.text    ro code  0x0094ae    0x22  atomport.o [1]
  .iar.init_table    const    0x0094d0    0x12  - Linker created -
  .near_func.text    ro code  0x0094e2    0x1f  atomkernel.o [1]
  .near_func.text    ro code  0x009501    0x1e  init_small.o [4]
  .near_func.text    ro code  0x00951f    0x19  atomtimer.o [1]
  .near_func.text    ro code  0x009538    0x19  stm8l_timer1.o [1]
  .near_func.text    ro code  0x009551    0x18  stm8l152c6_clock.o [1]
  .near_func.text    ro code  0x009569    0x16  atomkernel.o [1]
  .near_func.text    ro code  0x00957f    0x15  stm8l_lcd.o [1]
  .near_func.text    ro code  0x009594    0x14  init.o [4]
  .near_func.text    ro code  0x0095a8    0x14  __dbg_xxexit.o [3]
  .near_func.text    ro code  0x0095bc    0x13  cstartup.o [4]
  .near_func.text    ro code  0x0095cf    0x12  atomsem.o [1]
  .near_func.text    ro code  0x0095e1    0x11  stm8l152c6_clock.o [1]
  .near_func.text    ro code  0x0095f2     0xf  stm8l_gpio.o [1]
  .near_func.text    ro code  0x009601     0xd  stm8l152c6_clk.o [1]
  .near_func.text    ro code  0x00960e     0xc  atomkernel.o [1]
  .near_func.text    ro code  0x00961a     0xc  char.o [4]
  .near_func.text    ro code  0x009626     0x9  stm8l152c6_clk.o [1]
  .near_func.text    ro code  0x00962f     0x9  stm8l152c6_clock.o [1]
  .near.rodata       const    0x009638     0x8  main.o [1]
  .near_func.text    ro code  0x009640     0x5  atomport.o [1]
  .near_func.text    ro code  0x009645     0x5  cexit.o [4]
  .near_func.text    ro code  0x00964a     0x3  interrupt.o [4]
  .near_func.text    ro code  0x00964d     0x3  low_level_init.o [4]
  .near_func.text    ro code  0x009650     0x3  exit.o [4]
  .near_func.text    ro code  0x009653     0x3  unhandled_exception.o [4]
  .near_func.text    ro code  0x009656     0x2  atomkernel.o [1]
  .near_func.text    ro code  0x009658     0x1  __dbg_break.o [3]
                            - 0x009659  0x15d9


*******************************************************************************
*** INIT TABLE
***

          Address   Size
          -------   ----
Zero (__iar_zero_init2)
    1 destination range, total size 0x5a8:
          0x00006f  0x5a8

Copy (__iar_copy_init2)
    1 source range, total size 0x5f:
          0x009012   0x5f
    1 destination range, total size 0x5f:
          0x000010   0x5f



*******************************************************************************
*** MODULE SUMMARY
***

    Module                 ro code  ro data  rw data
    ------                 -------  -------  -------
C:\Users\hera.fgatraining\Desktop\Workplace\FPT_Lab\rtos_lab\project\Debug\Obj: [1]
    atomkernel.o             1 087                31
    atomport-asm-iar.o          88
    atomport.o                 127
    atomsem.o                  598
    atomtimer.o                591                 6
    main.o                     437        9    1 359
    stm8l152c6_clk.o           120
    stm8l152c6_clock.o          50
    stm8l_gpio.o               203                 1
    stm8l_lcd.o              1 555       94      146
    stm8l_timer1.o              25
    ------------------------------------------------
    Total:                   4 881      103    1 543

command line: [2]
    ------------------------------------------------
    Total:

dbgstm8smd.a: [3]
    __dbg_break.o                1
    __dbg_xxexit.o              20
    ------------------------------------------------
    Total:                      21

dlstm8smn.a: [4]
    cexit.o                      5
    char.o                      12
    cstartup.o                  19
    exit.o                       3
    init.o                      20
    init_small.o                70
    interrupt.o                  3      128
    long.o                      72
    long_util.o                 99
    low_level_init.o             3
    short.o                     38
    unhandled_exception.o        3
    vreg_util.o                223
    vregs.o                                       16
    ------------------------------------------------
    Total:                     570      128       16

    Linker created                       18      256
----------------------------------------------------
    Grand Total:             5 472      249    1 815


*******************************************************************************
*** ENTRY LIST
***

Entry                    Address   Size  Type      Object
-----                    -------   ----  ----      ------
.iar.init_table$$Base   0x0094d0          --   Gb  - Linker created -
.iar.init_table$$Limit  0x0094e2          --   Gb  - Linker created -
?b0                     0x000000         Data  Gb  vregs.o [4]
?b1                     0x000001         Data  Gb  vregs.o [4]
?b10                    0x00000a         Data  Gb  vregs.o [4]
?b11                    0x00000b         Data  Gb  vregs.o [4]
?b12                    0x00000c         Data  Gb  vregs.o [4]
?b13                    0x00000d         Data  Gb  vregs.o [4]
?b14                    0x00000e         Data  Gb  vregs.o [4]
?b15                    0x00000f         Data  Gb  vregs.o [4]
?b2                     0x000002         Data  Gb  vregs.o [4]
?b3                     0x000003         Data  Gb  vregs.o [4]
?b4                     0x000004         Data  Gb  vregs.o [4]
?b5                     0x000005         Data  Gb  vregs.o [4]
?b6                     0x000006         Data  Gb  vregs.o [4]
?b7                     0x000007         Data  Gb  vregs.o [4]
?b8                     0x000008         Data  Gb  vregs.o [4]
?b9                     0x000009         Data  Gb  vregs.o [4]
?dec32_0x_0x            0x0092f5         Code  Gb  long.o [4]
?dec32_l0_l0            0x0092eb         Code  Gb  long.o [4]
?dec32_l1_l1            0x0092f0         Code  Gb  long.o [4]
?e0                     0x000001         Data  Gb  vregs.o [4]
?e1                     0x000005         Data  Gb  vregs.o [4]
?e2                     0x000009         Data  Gb  vregs.o [4]
?e3                     0x00000d         Data  Gb  vregs.o [4]
?epilogue_l2            0x008857         Code  Gb  vreg_util.o [4]
?epilogue_l2_l3         0x008854         Code  Gb  vreg_util.o [4]
?epilogue_w4            0x00885b         Code  Gb  vreg_util.o [4]
?inc32_0x_0x            0x0092dd         Code  Gb  long.o [4]
?inc32_l0_l0            0x0092d8         Code  Gb  long.o [4]
?l0                     0x000000         Data  Gb  vregs.o [4]
?l1                     0x000004         Data  Gb  vregs.o [4]
?l2                     0x000008         Data  Gb  vregs.o [4]
?l3                     0x00000c         Data  Gb  vregs.o [4]
?load32_0x_l0           0x008f75         Code  Gb  long_util.o [4]
?load32_0x_l1           0x008f83         Code  Gb  long_util.o [4]
?load32_0x_l2           0x008fa2         Code  Gb  long_util.o [4]
?load32_asp_l2          0x008f96         Code  Gb  long_util.o [4]
?load32_dbsp_l2         0x008f91         Code  Gb  long_util.o [4]
?load32_l0_0x           0x008f5d         Code  Gb  long_util.o [4]
?load32_l0_asp          0x008f52         Code  Gb  long_util.o [4]
?load32_l0_dbsp         0x008f4d         Code  Gb  long_util.o [4]
?load32_l0_xsp          0x008f54         Code  Gb  long_util.o [4]
?load32_l1_0x           0x008f69         Code  Gb  long_util.o [4]
?load32_xsp_l2          0x008f98         Code  Gb  long_util.o [4]
?mov_e0_e3              0x00887e         Code  Gb  vreg_util.o [4]
?mov_e1_e2              0x00888b         Code  Gb  vreg_util.o [4]
?mov_e2_e0              0x008898         Code  Gb  vreg_util.o [4]
?mov_l0_l3              0x00887b         Code  Gb  vreg_util.o [4]
?mov_l1_l2              0x008888         Code  Gb  vreg_util.o [4]
?mov_l2_l0              0x008895         Code  Gb  vreg_util.o [4]
?mov_w0_w7              0x00885f         Code  Gb  vreg_util.o [4]
?mov_w1_w0              0x008866         Code  Gb  vreg_util.o [4]
?mov_w1_w7              0x008881         Code  Gb  vreg_util.o [4]
?mov_w2_w0              0x00886d         Code  Gb  vreg_util.o [4]
?mov_w3_w5              0x00888e         Code  Gb  vreg_util.o [4]
?mov_w4_w0              0x008874         Code  Gb  vreg_util.o [4]
?mov_w5_w1              0x00889b         Code  Gb  vreg_util.o [4]
?mul16_x_x_w0           0x009466         Code  Gb  short.o [4]
?pop_l0                 0x008820         Code  Gb  vreg_util.o [4]
?pop_l1                 0x00882b         Code  Gb  vreg_util.o [4]
?pop_l2                 0x008836         Code  Gb  vreg_util.o [4]
?pop_l3                 0x008841         Code  Gb  vreg_util.o [4]
?pop_w4                 0x0087e0         Code  Gb  vreg_util.o [4]
?push_l0                0x0087ef         Code  Gb  vreg_util.o [4]
?push_l1                0x0087f4         Code  Gb  vreg_util.o [4]
?push_l2                0x0087f9         Code  Gb  vreg_util.o [4]
?push_l3                0x0087fe         Code  Gb  vreg_util.o [4]
?push_w2                0x0087c3         Code  Gb  vreg_util.o [4]
?push_w4                0x0087c8         Code  Gb  vreg_util.o [4]
?scmp32_c_l0_l1         0x009309         Code  Gb  long.o [4]
?sll16_x_x_a            0x009484         Code  Gb  short.o [4]
?sll8_a_a_5             0x00961b         Code  Gb  char.o [4]
?sll8_a_a_6             0x00961a         Code  Gb  char.o [4]
?srl8_a_a_5             0x009621         Code  Gb  char.o [4]
?srl8_a_a_6             0x009620         Code  Gb  char.o [4]
?w0                     0x000000         Data  Gb  vregs.o [4]
?w1                     0x000002         Data  Gb  vregs.o [4]
?w2                     0x000004         Data  Gb  vregs.o [4]
?w3                     0x000006         Data  Gb  vregs.o [4]
?w4                     0x000008         Data  Gb  vregs.o [4]
?w5                     0x00000a         Data  Gb  vregs.o [4]
?w6                     0x00000c         Data  Gb  vregs.o [4]
?w7                     0x00000e         Data  Gb  vregs.o [4]
CLK_HSICmd              0x009601    0xd  Code  Gb  stm8l152c6_clk.o [1]
CLK_PeripheralClockConfig
                        0x008fb0   0x62  Code  Gb  stm8l152c6_clk.o [1]
CLK_SYSCLKSourceConfig  0x009626    0x9  Code  Gb  stm8l152c6_clk.o [1]
CSTACK$$Base            0x000700          --   Gb  - Linker created -
CSTACK$$Limit           0x000800          --   Gb  - Linker created -
GPIO_read               0x0095f2    0xf  Code  Gb  stm8l_gpio.o [1]
INTVEC$$Base            0x008000          --   Gb  - Linker created -
INTVEC$$Limit           0x008080          --   Gb  - Linker created -
InitClock_LCD_RTC       0x0095e1   0x11  Code  Gb  stm8l152c6_clock.o [1]
InitClock_Source        0x009551   0x18  Code  Gb  stm8l152c6_clock.o [1]
InitClock_Timer         0x00962f    0x9  Code  Gb  stm8l152c6_clock.o [1]
LCD_printf              0x0088a2   0xd5  Code  Gb  stm8l_lcd.o [1]
Quantumn_time_RoundRobin_10ms
                        0x009538   0x19  Code  Gb  stm8l_timer1.o [1]
Region$$Table$$Base     0x0094d0          --   Gb  - Linker created -
Region$$Table$$Limit    0x0094e2          --   Gb  - Linker created -
TIM1_OVR                0x0094ae   0x22  Code  Gb  atomport.o [1]
__DebugBreak            0x009658    0x1  Code  Gb  __dbg_break.o [3]
__exit                  0x0095a8   0x14  Code  Gb  __dbg_xxexit.o [3]
__iar_copy_init2        0x009417         Code  Gb  init_small.o [4]
__iar_data_init2        0x009594   0x14  Code  Gb  init.o [4]
__iar_program_start     0x0095bc         Code  Gb  cstartup.o [4]
__iar_unhandled_exception
                        0x009653         Code  Gb  unhandled_exception.o [4]
__iar_zero_init2        0x009501         Code  Gb  init_small.o [4]
__intvec                0x008000         Data  Gb  interrupt.o [4]
__low_level_init        0x00964d    0x3  Code  Gb  low_level_init.o [4]
_exit                   0x009645         Code  Gb  cexit.o [4]
_interrupt_25           0x0094ae         Code  Gb  atomport.o [1]
archContextSwitch       0x009183         Code  Gb  atomport-asm-iar.o [1]
archFirstThreadRestore  0x0091c0         Code  Gb  atomport-asm-iar.o [1]
archInitSystemTickTimer
                        0x009640    0x5  Code  Gb  atomport.o [1]
archThreadContextInit   0x009320   0x36  Code  Gb  atomport.o [1]
atomCurrentContext      0x00960e    0xc  Code  Gb  atomkernel.o [1]
atomIdleThread          0x009656    0x2  Code  Lc  atomkernel.o [1]
atomIntCnt              0x00060f    0x2  Data  Lc  atomkernel.o [1]
atomIntEnter            0x00867c    0x8  Code  Gb  atomkernel.o [1]
atomIntExit             0x008684    0xa  Code  Gb  atomkernel.o [1]
atomOSInit              0x00943f   0x27  Code  Gb  atomkernel.o [1]
atomOSStart             0x009569   0x16  Code  Gb  atomkernel.o [1]
atomOSStarted           0x000615    0x1  Data  Gb  atomkernel.o [1]
atomSched               0x0084bd   0x9e  Code  Gb  atomkernel.o [1]
atomSemCreate           0x0095cf   0x12  Code  Gb  atomsem.o [1]
atomSemGet              0x00868e  0x135  Code  Gb  atomsem.o [1]
atomSemPut              0x008bbf   0xb5  Code  Gb  atomsem.o [1]
atomSemTimerCallback    0x009129   0x5a  Code  Lc  atomsem.o [1]
atomThreadCreate        0x00855b  0x121  Code  Gb  atomkernel.o [1]
atomThreadSwitch        0x0094e2   0x1f  Code  Lc  atomkernel.o [1]
atomTimerCallbacks      0x008977   0xce  Code  Lc  atomtimer.o [1]
atomTimerCancel         0x009232   0x55  Code  Gb  atomtimer.o [1]
atomTimerDelay          0x008dd0   0x8f  Code  Gb  atomtimer.o [1]
atomTimerDelayCallback  0x0093ef   0x28  Code  Lc  atomtimer.o [1]
atomTimerRegister       0x009071   0x5c  Code  Gb  atomtimer.o [1]
atomTimerTick           0x00951f   0x19  Code  Gb  atomtimer.o [1]
buffer_lcd              0x000613    0x2  Data  Lc  stm8l_lcd.o [1]
button_thread           0x008ee7   0x66  Code  Lc  main.o [1]
button_thread_stack     0x0001ef  0x180  Data  Lc  main.o [1]
button_thread_tcb       0x0005d1   0x18  Data  Lc  main.o [1]
char_list               0x000011   0x4c  Data  Lc  stm8l_lcd.o [1]
config_LCDvsRTC         0x00938b   0x35  Code  Gb  stm8l_lcd.o [1]
convert                 0x0093c0   0x2f  Code  Gb  stm8l_lcd.o [1]
convert::Representation
                        0x00005e   0x11  Data  Lc  stm8l_lcd.o [1]
convert::buffer         0x00056f   0x32  Data  Lc  stm8l_lcd.o [1]
curr_tcb                0x00060d    0x2  Data  Lc  atomkernel.o [1]
delay_time              0x000010    0x1  Data  Gb  main.o [1]
display_thread          0x009356   0x35  Code  Lc  main.o [1]
display_thread_stack    0x00036f  0x180  Data  Lc  main.o [1]
display_thread_tcb      0x0005e9   0x18  Data  Lc  main.o [1]
exit                    0x009650    0x3  Code  Gb  exit.o [4]
gpio_init               0x008b03   0xbc  Code  Gb  stm8l_gpio.o [1]
idle_tcb                0x0005a1   0x18  Data  Lc  atomkernel.o [1]
idle_thread_stack       0x0004ef   0x80  Data  Lc  main.o [1]
lcd_pointer             0x00005d    0x1  Data  Lc  stm8l_lcd.o [1]
lcd_print               0x008080  0x43d  Code  Gb  stm8l_lcd.o [1]
lcd_print_char_auto     0x008e5f   0x88  Code  Gb  stm8l_lcd.o [1]
lcd_print_string_auto   0x00957f   0x15  Code  Gb  stm8l_lcd.o [1]
led_thread              0x0090cd   0x5c  Code  Lc  main.o [1]
led_thread_stack        0x00006f  0x180  Data  Lc  main.o [1]
led_thread_tcb          0x0005b9   0x18  Data  Lc  main.o [1]
main                    0x008a45   0xbe  Code  Gb  main.o [1]
semDelayTime            0x000608    0x3  Data  Gb  main.o [1]
semLCD                  0x000605    0x3  Data  Gb  main.o [1]
system_ticks            0x000601    0x4  Data  Lc  atomtimer.o [1]
tcbDequeueEntry         0x008d27   0xa9  Code  Gb  atomkernel.o [1]
tcbDequeueHead          0x0091db   0x57  Code  Gb  atomkernel.o [1]
tcbDequeuePriority      0x009287   0x51  Code  Gb  atomkernel.o [1]
tcbEnqueuePriority      0x008c74   0xb3  Code  Gb  atomkernel.o [1]
tcbReadyQ               0x00060b    0x2  Data  Gb  atomkernel.o [1]
temp                    0x000616    0x1  Data  Gb  stm8l_gpio.o [1]
thread_shell            0x00948c   0x22  Code  Lc  atomport.o [1]
timer_queue             0x000611    0x2  Data  Lc  atomtimer.o [1]


[1] = C:\Users\hera.fgatraining\Desktop\Workplace\FPT_Lab\rtos_lab\project\Debug\Obj
[2] = command line
[3] = dbgstm8smd.a
[4] = dlstm8smn.a

  5 472 bytes of readonly  code memory
    249 bytes of readonly  data memory
  1 815 bytes of readwrite data memory

Errors: none
Warnings: none
