###############################################################################
#
# IAR ELF Linker V3.11.1.207 for STM8                     23/Jul/2019  13:46:44
# Copyright 2010-2019 IAR Systems AB.
#
#    Output file  =  
#        C:\Users\hera.fgatraining\Desktop\Workplace\FPT_Lab\rtos_lab\project\Debug\Exe\rtos.out
#    Map file     =  
#        C:\Users\hera.fgatraining\Desktop\Workplace\FPT_Lab\rtos_lab\project\Debug\List\rtos.map
#    Command line =  
#        -f C:\Users\HERA~1.FGA\AppData\Local\Temp\EWAB1C.tmp
#        (C:\Users\hera.fgatraining\Desktop\Workplace\FPT_Lab\rtos_lab\project\Debug\Obj\atomkernel.o
#        C:\Users\hera.fgatraining\Desktop\Workplace\FPT_Lab\rtos_lab\project\Debug\Obj\atommutex.o
#        C:\Users\hera.fgatraining\Desktop\Workplace\FPT_Lab\rtos_lab\project\Debug\Obj\atomport-asm-iar.o
#        C:\Users\hera.fgatraining\Desktop\Workplace\FPT_Lab\rtos_lab\project\Debug\Obj\atomport.o
#        C:\Users\hera.fgatraining\Desktop\Workplace\FPT_Lab\rtos_lab\project\Debug\Obj\atomqueue.o
#        C:\Users\hera.fgatraining\Desktop\Workplace\FPT_Lab\rtos_lab\project\Debug\Obj\atomsem.o
#        C:\Users\hera.fgatraining\Desktop\Workplace\FPT_Lab\rtos_lab\project\Debug\Obj\atomtimer.o
#        C:\Users\hera.fgatraining\Desktop\Workplace\FPT_Lab\rtos_lab\project\Debug\Obj\main.o
#        C:\Users\hera.fgatraining\Desktop\Workplace\FPT_Lab\rtos_lab\project\Debug\Obj\stm8l152c6_clk.o
#        C:\Users\hera.fgatraining\Desktop\Workplace\FPT_Lab\rtos_lab\project\Debug\Obj\stm8l152c6_clock.o
#        C:\Users\hera.fgatraining\Desktop\Workplace\FPT_Lab\rtos_lab\project\Debug\Obj\stm8l_gpio.o
#        C:\Users\hera.fgatraining\Desktop\Workplace\FPT_Lab\rtos_lab\project\Debug\Obj\stm8l_lcd.o
#        C:\Users\hera.fgatraining\Desktop\Workplace\FPT_Lab\rtos_lab\project\Debug\Obj\stm8l_timer1.o
#        --redirect _Printf=_PrintfSmall --redirect _Scanf=_ScanfSmall
#        --no_out_extension -o
#        C:\Users\hera.fgatraining\Desktop\Workplace\FPT_Lab\rtos_lab\project\Debug\Exe\rtos.out
#        --map
#        C:\Users\hera.fgatraining\Desktop\Workplace\FPT_Lab\rtos_lab\project\Debug\List\rtos.map
#        --config "C:\Program Files (x86)\IAR Systems\Embedded Workbench
#        8.3\stm8\config\lnkstm8l152c6.icf" --config_def _CSTACK_SIZE=0x100
#        --config_def _HEAP_SIZE=0x100 --entry __iar_program_start --debug_lib)
#
###############################################################################

*******************************************************************************
*** RUNTIME MODEL ATTRIBUTES
***

__SystemLibrary            = DLib
__code_model               = small
__core                     = stm8
__data_model               = medium
__dlib_file_descriptor     = 0
__dlib_full_locale_support = 0
__rt_version               = 4


*******************************************************************************
*** PLACEMENT SUMMARY
***

"A0":  place at start of [0x000000-0x0000ff] { rw section .vregs };
"A1":  place at end of [0x000000-0x0007ff] { block CSTACK };
"P2":  place in [from 0x000000 to 0x0007ff] {
          block HEAP, rw section __DLIB_PERTHREAD, rw section .far.bss,
          rw section .far.data, rw section .far.noinit,
          rw section .far_func.textrw, rw section .huge.bss,
          rw section .huge.data, rw section .huge.noinit,
          rw section .huge_func.textrw, rw section .iar.dynexit,
          rw section .near.bss, rw section .near.data, rw section .near.noinit,
          rw section .near_func.textrw };
"A2":  place at start of [0x008000-0x00ffff] { block INTVEC };
"P3":  place in [from 0x008000 to 0x00ffff] {
          ro section __DLIB_PERTHREAD_init, ro section .far.data_init,
          ro section .far_func.textrw_init, ro section .huge.data_init,
          ro section .huge_func.textrw_init, ro section .iar.init_table,
          ro section .init_array, ro section .near.data_init,
          ro section .near.rodata, ro section .near_func.text,
          ro section .near_func.textrw_init, ro section .tiny.data_init,
          ro section .tiny.rodata_init };
"P4":  place in [from 0x008000 to 0x00ffff] {
          ro section .far.rodata, ro section .far_func.text };
"P5":  place in [from 0x008000 to 0x00ffff] {
          ro section .huge.rodata, ro section .huge_func.text };
do not initialize {
   rw section .eeprom.noinit, rw section .far.noinit, rw section .huge.noinit,
   rw section .near.noinit, rw section .tiny.noinit, rw section .vregs };
initialize by copy {
   rw section .far.bss, rw section .far.data, rw section .far_func.textrw,
   rw section .huge.bss, rw section .huge.data, rw section .huge_func.textrw,
   rw section .iar.dynexit, rw section .near.bss, rw section .near.data,
   rw section .near_func.textrw, rw section .tiny.bss, rw section .tiny.data,
   ro section .tiny.rodata };

No sections matched the following patterns:

  ro section .far.data_init          in "P3-P5"
  ro section .far.rodata             in "P3-P5"
  ro section .far_func.text          in "P3-P5"
  ro section .far_func.textrw_init   in "P3-P5"
  ro section .huge.data_init         in "P3-P5"
  ro section .huge.rodata            in "P3-P5"
  ro section .huge_func.text         in "P3-P5"
  ro section .huge_func.textrw_init  in "P3-P5"
  ro section .iar.init_table         in "P3-P5"
  ro section .init_array             in "P3-P5"
  ro section .near.rodata            in "P3-P5"
  ro section .near_func.textrw_init  in "P3-P5"
  ro section .tiny.data_init         in "P3-P5"
  ro section .tiny.rodata_init       in "P3-P5"
  ro section __DLIB_PERTHREAD_init   in "P3-P5"
  rw section .far.bss                in "P2"
  rw section .far.data               in "P2"
  rw section .far.noinit             in "P2"
  rw section .far_func.textrw        in "P2"
  rw section .huge.bss               in "P2"
  rw section .huge.data              in "P2"
  rw section .huge.noinit            in "P2"
  rw section .huge_func.textrw       in "P2"
  rw section .iar.dynexit            in "P2"
  rw section .near.noinit            in "P2"
  rw section .near_func.textrw       in "P2"
  rw section .tiny.bss               in "P1"
  rw section .tiny.data              in "P1"
  rw section .tiny.noinit            in "P1"
  rw section .tiny.rodata            in "P1"
  rw section __DLIB_PERTHREAD        in "P2"
  section .eeprom.data               in "P6-P8"
  section .eeprom.noinit             in "P6-P8"
  section .eeprom.rodata             in "P6-P8"


  Section            Kind      Address   Size  Object
  -------            ----      -------   ----  ------
"A0":                                    0x10
  .vregs             uninit   0x000000   0x10  vregs.o [4]
                            - 0x000010   0x10

"P2", part 1 of 2:                        0x1
  P2-1                        0x000010    0x1  <Init block>
    .near.data       inited   0x000010    0x1  main.o [1]
                            - 0x000011    0x1

"P2", part 2 of 2:                      0x574
  .near.bss          zero     0x000011  0x180  main.o [1]
  .near.bss          zero     0x000191  0x180  main.o [1]
  .near.bss          zero     0x000311  0x180  main.o [1]
  .near.bss          zero     0x000491   0x80  main.o [1]
  .near.bss          zero     0x000511   0x18  atomkernel.o [1]
  .near.bss          zero     0x000529   0x18  main.o [1]
  .near.bss          zero     0x000541   0x18  main.o [1]
  .near.bss          zero     0x000559   0x18  main.o [1]
  .near.bss          zero     0x000571    0x4  atomtimer.o [1]
  .near.bss          zero     0x000575    0x3  main.o [1]
  .near.bss          zero     0x000578    0x3  main.o [1]
  .near.bss          zero     0x00057b    0x2  atomkernel.o [1]
  .near.bss          zero     0x00057d    0x2  atomkernel.o [1]
  .near.bss          zero     0x00057f    0x2  atomkernel.o [1]
  .near.bss          zero     0x000581    0x2  atomtimer.o [1]
  .near.bss          zero     0x000583    0x1  atomkernel.o [1]
  .near.bss          zero     0x000584    0x1  stm8l_gpio.o [1]
                            - 0x000585  0x574

"A1":                                   0x100
  CSTACK                      0x000700  0x100  <Block>
    CSTACK           uninit   0x000700  0x100  <Block tail>
                            - 0x000800  0x100

"A2":                                    0x80
  INTVEC                      0x008000   0x80  <Block>
    .intvec          const    0x008000   0x80  interrupt.o [4]
                            - 0x008080   0x80

"P3-P5":                                0xf1b
  .near_func.text    ro code  0x008080  0x1d1  atomkernel.o [1]
  .near_func.text    ro code  0x008251  0x135  atomsem.o [1]
  .near_func.text    ro code  0x008386   0xdf  vreg_util.o [4]
  .near_func.text    ro code  0x008465   0xce  atomtimer.o [1]
  .near_func.text    ro code  0x008533   0xbe  main.o [1]
  .near_func.text    ro code  0x0085f1   0xbc  stm8l_gpio.o [1]
  .near_func.text    ro code  0x0086ad   0xb5  atomsem.o [1]
  .near_func.text    ro code  0x008762   0xb3  atomkernel.o [1]
  .near_func.text    ro code  0x008815   0xa9  atomkernel.o [1]
  .near_func.text    ro code  0x0088be   0x8f  atomtimer.o [1]
  .near_func.text    ro code  0x00894d   0x66  main.o [1]
  .near_func.text    ro code  0x0089b3   0x63  long_util.o [4]
  .near_func.text    ro code  0x008a16   0x62  stm8l152c6_clk.o [1]
  .near_func.text    ro code  0x008a78   0x5c  atomtimer.o [1]
  .near_func.text    ro code  0x008ad4   0x5c  main.o [1]
  .near_func.text    ro code  0x008b30   0x5a  atomsem.o [1]
  .near_func.text    ro code  0x008b8a   0x58  atomport-asm-iar.o [1]
  .near_func.text    ro code  0x008be2   0x57  atomkernel.o [1]
  .near_func.text    ro code  0x008c39   0x55  atomtimer.o [1]
  .near_func.text    ro code  0x008c8e   0x51  atomkernel.o [1]
  .near_func.text    ro code  0x008cdf   0x48  long.o [4]
  .near_func.text    ro code  0x008d27   0x36  atomport.o [1]
  .near_func.text    ro code  0x008d5d   0x28  atomtimer.o [1]
  .near_func.text    ro code  0x008d85   0x28  init_small.o [4]
  .near_func.text    ro code  0x008dad   0x27  atomkernel.o [1]
  .near_func.text    ro code  0x008dd4   0x26  short.o [4]
  .near_func.text    ro code  0x008dfa   0x22  atomport.o [1]
  .near_func.text    ro code  0x008e1c   0x22  atomport.o [1]
  .iar.init_table    const    0x008e3e   0x12  - Linker created -
  .near_func.text    ro code  0x008e50   0x1f  atomkernel.o [1]
  .near_func.text    ro code  0x008e6f   0x1e  init_small.o [4]
  .near_func.text    ro code  0x008e8d   0x19  atomtimer.o [1]
  .near_func.text    ro code  0x008ea6   0x19  stm8l_timer1.o [1]
  .near_func.text    ro code  0x008ebf   0x18  stm8l152c6_clock.o [1]
  .near_func.text    ro code  0x008ed7   0x16  atomkernel.o [1]
  .near_func.text    ro code  0x008eed   0x14  init.o [4]
  .near_func.text    ro code  0x008f01   0x14  __dbg_xxexit.o [3]
  .near_func.text    ro code  0x008f15   0x13  cstartup.o [4]
  .near_func.text    ro code  0x008f28   0x12  atomsem.o [1]
  .near_func.text    ro code  0x008f3a    0xf  stm8l_gpio.o [1]
  .near_func.text    ro code  0x008f49    0xd  main.o [1]
  .near_func.text    ro code  0x008f56    0xd  stm8l152c6_clk.o [1]
  .near_func.text    ro code  0x008f63    0xc  atomkernel.o [1]
  .near_func.text    ro code  0x008f6f    0x9  stm8l152c6_clk.o [1]
  .near_func.text    ro code  0x008f78    0x9  stm8l152c6_clock.o [1]
  .near_func.text    ro code  0x008f81    0x5  atomport.o [1]
  .near_func.text    ro code  0x008f86    0x5  cexit.o [4]
  .near_func.text    ro code  0x008f8b    0x3  interrupt.o [4]
  .near_func.text    ro code  0x008f8e    0x3  low_level_init.o [4]
  .near_func.text    ro code  0x008f91    0x3  exit.o [4]
  .near_func.text    ro code  0x008f94    0x3  unhandled_exception.o [4]
  .near_func.text    ro code  0x008f97    0x2  atomkernel.o [1]
  .near_func.text    ro code  0x008f99    0x1  __dbg_break.o [3]
  Initializer bytes  const    0x008f9a    0x1  <for P2-1>
                            - 0x008f9b  0xf1b


*******************************************************************************
*** INIT TABLE
***

          Address   Size
          -------   ----
Zero (__iar_zero_init2)
    1 destination range, total size 0x574:
          0x000011  0x574

Copy (__iar_copy_init2)
    1 source range, total size 0x1:
          0x008f9a    0x1
    1 destination range, total size 0x1:
          0x000010    0x1



*******************************************************************************
*** MODULE SUMMARY
***

    Module                 ro code  ro data  rw data
    ------                 -------  -------  -------
C:\Users\hera.fgatraining\Desktop\Workplace\FPT_Lab\rtos_lab\project\Debug\Obj: [1]
    atomkernel.o             1 087                31
    atomport-asm-iar.o          88
    atomport.o                 127
    atomsem.o                  598
    atomtimer.o                591                 6
    main.o                     397        1    1 359
    stm8l152c6_clk.o           120
    stm8l152c6_clock.o          33
    stm8l_gpio.o               203                 1
    stm8l_timer1.o              25
    ------------------------------------------------
    Total:                   3 269        1    1 397

command line: [2]
    ------------------------------------------------
    Total:

dbgstm8smd.a: [3]
    __dbg_break.o                1
    __dbg_xxexit.o              20
    ------------------------------------------------
    Total:                      21

dlstm8smn.a: [4]
    cexit.o                      5
    cstartup.o                  19
    exit.o                       3
    init.o                      20
    init_small.o                70
    interrupt.o                  3      128
    long.o                      72
    long_util.o                 99
    low_level_init.o             3
    short.o                     38
    unhandled_exception.o        3
    vreg_util.o                223
    vregs.o                                       16
    ------------------------------------------------
    Total:                     558      128       16

    Linker created                       18      256
----------------------------------------------------
    Grand Total:             3 848      147    1 669


*******************************************************************************
*** ENTRY LIST
***

Entry                    Address   Size  Type      Object
-----                    -------   ----  ----      ------
.iar.init_table$$Base   0x008e3e          --   Gb  - Linker created -
.iar.init_table$$Limit  0x008e50          --   Gb  - Linker created -
?b0                     0x000000         Data  Gb  vregs.o [4]
?b1                     0x000001         Data  Gb  vregs.o [4]
?b10                    0x00000a         Data  Gb  vregs.o [4]
?b11                    0x00000b         Data  Gb  vregs.o [4]
?b12                    0x00000c         Data  Gb  vregs.o [4]
?b13                    0x00000d         Data  Gb  vregs.o [4]
?b14                    0x00000e         Data  Gb  vregs.o [4]
?b15                    0x00000f         Data  Gb  vregs.o [4]
?b2                     0x000002         Data  Gb  vregs.o [4]
?b3                     0x000003         Data  Gb  vregs.o [4]
?b4                     0x000004         Data  Gb  vregs.o [4]
?b5                     0x000005         Data  Gb  vregs.o [4]
?b6                     0x000006         Data  Gb  vregs.o [4]
?b7                     0x000007         Data  Gb  vregs.o [4]
?b8                     0x000008         Data  Gb  vregs.o [4]
?b9                     0x000009         Data  Gb  vregs.o [4]
?dec32_0x_0x            0x008cfc         Code  Gb  long.o [4]
?dec32_l0_l0            0x008cf2         Code  Gb  long.o [4]
?dec32_l1_l1            0x008cf7         Code  Gb  long.o [4]
?e0                     0x000001         Data  Gb  vregs.o [4]
?e1                     0x000005         Data  Gb  vregs.o [4]
?e2                     0x000009         Data  Gb  vregs.o [4]
?e3                     0x00000d         Data  Gb  vregs.o [4]
?epilogue_l2            0x00841a         Code  Gb  vreg_util.o [4]
?epilogue_l2_l3         0x008417         Code  Gb  vreg_util.o [4]
?epilogue_w4            0x00841e         Code  Gb  vreg_util.o [4]
?inc32_0x_0x            0x008ce4         Code  Gb  long.o [4]
?inc32_l0_l0            0x008cdf         Code  Gb  long.o [4]
?l0                     0x000000         Data  Gb  vregs.o [4]
?l1                     0x000004         Data  Gb  vregs.o [4]
?l2                     0x000008         Data  Gb  vregs.o [4]
?l3                     0x00000c         Data  Gb  vregs.o [4]
?load32_0x_l0           0x0089db         Code  Gb  long_util.o [4]
?load32_0x_l1           0x0089e9         Code  Gb  long_util.o [4]
?load32_0x_l2           0x008a08         Code  Gb  long_util.o [4]
?load32_asp_l2          0x0089fc         Code  Gb  long_util.o [4]
?load32_dbsp_l2         0x0089f7         Code  Gb  long_util.o [4]
?load32_l0_0x           0x0089c3         Code  Gb  long_util.o [4]
?load32_l0_asp          0x0089b8         Code  Gb  long_util.o [4]
?load32_l0_dbsp         0x0089b3         Code  Gb  long_util.o [4]
?load32_l0_xsp          0x0089ba         Code  Gb  long_util.o [4]
?load32_l1_0x           0x0089cf         Code  Gb  long_util.o [4]
?load32_xsp_l2          0x0089fe         Code  Gb  long_util.o [4]
?mov_e0_e3              0x008441         Code  Gb  vreg_util.o [4]
?mov_e1_e2              0x00844e         Code  Gb  vreg_util.o [4]
?mov_e2_e0              0x00845b         Code  Gb  vreg_util.o [4]
?mov_l0_l3              0x00843e         Code  Gb  vreg_util.o [4]
?mov_l1_l2              0x00844b         Code  Gb  vreg_util.o [4]
?mov_l2_l0              0x008458         Code  Gb  vreg_util.o [4]
?mov_w0_w7              0x008422         Code  Gb  vreg_util.o [4]
?mov_w1_w0              0x008429         Code  Gb  vreg_util.o [4]
?mov_w1_w7              0x008444         Code  Gb  vreg_util.o [4]
?mov_w2_w0              0x008430         Code  Gb  vreg_util.o [4]
?mov_w3_w5              0x008451         Code  Gb  vreg_util.o [4]
?mov_w4_w0              0x008437         Code  Gb  vreg_util.o [4]
?mov_w5_w1              0x00845e         Code  Gb  vreg_util.o [4]
?mul16_x_x_w0           0x008dd4         Code  Gb  short.o [4]
?pop_l0                 0x0083e3         Code  Gb  vreg_util.o [4]
?pop_l1                 0x0083ee         Code  Gb  vreg_util.o [4]
?pop_l2                 0x0083f9         Code  Gb  vreg_util.o [4]
?pop_l3                 0x008404         Code  Gb  vreg_util.o [4]
?pop_w4                 0x0083a3         Code  Gb  vreg_util.o [4]
?push_l0                0x0083b2         Code  Gb  vreg_util.o [4]
?push_l1                0x0083b7         Code  Gb  vreg_util.o [4]
?push_l2                0x0083bc         Code  Gb  vreg_util.o [4]
?push_l3                0x0083c1         Code  Gb  vreg_util.o [4]
?push_w2                0x008386         Code  Gb  vreg_util.o [4]
?push_w4                0x00838b         Code  Gb  vreg_util.o [4]
?scmp32_c_l0_l1         0x008d10         Code  Gb  long.o [4]
?sll16_x_x_a            0x008df2         Code  Gb  short.o [4]
?w0                     0x000000         Data  Gb  vregs.o [4]
?w1                     0x000002         Data  Gb  vregs.o [4]
?w2                     0x000004         Data  Gb  vregs.o [4]
?w3                     0x000006         Data  Gb  vregs.o [4]
?w4                     0x000008         Data  Gb  vregs.o [4]
?w5                     0x00000a         Data  Gb  vregs.o [4]
?w6                     0x00000c         Data  Gb  vregs.o [4]
?w7                     0x00000e         Data  Gb  vregs.o [4]
CLK_HSICmd              0x008f56    0xd  Code  Gb  stm8l152c6_clk.o [1]
CLK_PeripheralClockConfig
                        0x008a16   0x62  Code  Gb  stm8l152c6_clk.o [1]
CLK_SYSCLKSourceConfig  0x008f6f    0x9  Code  Gb  stm8l152c6_clk.o [1]
CSTACK$$Base            0x000700          --   Gb  - Linker created -
CSTACK$$Limit           0x000800          --   Gb  - Linker created -
GPIO_read               0x008f3a    0xf  Code  Gb  stm8l_gpio.o [1]
INTVEC$$Base            0x008000          --   Gb  - Linker created -
INTVEC$$Limit           0x008080          --   Gb  - Linker created -
InitClock_Source        0x008ebf   0x18  Code  Gb  stm8l152c6_clock.o [1]
InitClock_Timer         0x008f78    0x9  Code  Gb  stm8l152c6_clock.o [1]
Quantumn_time_RoundRobin_10ms
                        0x008ea6   0x19  Code  Gb  stm8l_timer1.o [1]
Region$$Table$$Base     0x008e3e          --   Gb  - Linker created -
Region$$Table$$Limit    0x008e50          --   Gb  - Linker created -
TIM1_OVR                0x008e1c   0x22  Code  Gb  atomport.o [1]
__DebugBreak            0x008f99    0x1  Code  Gb  __dbg_break.o [3]
__exit                  0x008f01   0x14  Code  Gb  __dbg_xxexit.o [3]
__iar_copy_init2        0x008d85         Code  Gb  init_small.o [4]
__iar_data_init2        0x008eed   0x14  Code  Gb  init.o [4]
__iar_program_start     0x008f15         Code  Gb  cstartup.o [4]
__iar_unhandled_exception
                        0x008f94         Code  Gb  unhandled_exception.o [4]
__iar_zero_init2        0x008e6f         Code  Gb  init_small.o [4]
__intvec                0x008000         Data  Gb  interrupt.o [4]
__low_level_init        0x008f8e    0x3  Code  Gb  low_level_init.o [4]
_exit                   0x008f86         Code  Gb  cexit.o [4]
_interrupt_25           0x008e1c         Code  Gb  atomport.o [1]
archContextSwitch       0x008b8a         Code  Gb  atomport-asm-iar.o [1]
archFirstThreadRestore  0x008bc7         Code  Gb  atomport-asm-iar.o [1]
archInitSystemTickTimer
                        0x008f81    0x5  Code  Gb  atomport.o [1]
archThreadContextInit   0x008d27   0x36  Code  Gb  atomport.o [1]
atomCurrentContext      0x008f63    0xc  Code  Gb  atomkernel.o [1]
atomIdleThread          0x008f97    0x2  Code  Lc  atomkernel.o [1]
atomIntCnt              0x00057f    0x2  Data  Lc  atomkernel.o [1]
atomIntEnter            0x00823f    0x8  Code  Gb  atomkernel.o [1]
atomIntExit             0x008247    0xa  Code  Gb  atomkernel.o [1]
atomOSInit              0x008dad   0x27  Code  Gb  atomkernel.o [1]
atomOSStart             0x008ed7   0x16  Code  Gb  atomkernel.o [1]
atomOSStarted           0x000583    0x1  Data  Gb  atomkernel.o [1]
atomSched               0x008080   0x9e  Code  Gb  atomkernel.o [1]
atomSemCreate           0x008f28   0x12  Code  Gb  atomsem.o [1]
atomSemGet              0x008251  0x135  Code  Gb  atomsem.o [1]
atomSemPut              0x0086ad   0xb5  Code  Gb  atomsem.o [1]
atomSemTimerCallback    0x008b30   0x5a  Code  Lc  atomsem.o [1]
atomThreadCreate        0x00811e  0x121  Code  Gb  atomkernel.o [1]
atomThreadSwitch        0x008e50   0x1f  Code  Lc  atomkernel.o [1]
atomTimerCallbacks      0x008465   0xce  Code  Lc  atomtimer.o [1]
atomTimerCancel         0x008c39   0x55  Code  Gb  atomtimer.o [1]
atomTimerDelay          0x0088be   0x8f  Code  Gb  atomtimer.o [1]
atomTimerDelayCallback  0x008d5d   0x28  Code  Lc  atomtimer.o [1]
atomTimerRegister       0x008a78   0x5c  Code  Gb  atomtimer.o [1]
atomTimerTick           0x008e8d   0x19  Code  Gb  atomtimer.o [1]
button_thread           0x00894d   0x66  Code  Lc  main.o [1]
button_thread_stack     0x000191  0x180  Data  Lc  main.o [1]
button_thread_tcb       0x000541   0x18  Data  Lc  main.o [1]
curr_tcb                0x00057d    0x2  Data  Lc  atomkernel.o [1]
delay_time              0x000010    0x1  Data  Gb  main.o [1]
display_thread          0x008f49    0xd  Code  Lc  main.o [1]
display_thread_stack    0x000311  0x180  Data  Lc  main.o [1]
display_thread_tcb      0x000559   0x18  Data  Lc  main.o [1]
exit                    0x008f91    0x3  Code  Gb  exit.o [4]
gpio_init               0x0085f1   0xbc  Code  Gb  stm8l_gpio.o [1]
idle_tcb                0x000511   0x18  Data  Lc  atomkernel.o [1]
idle_thread_stack       0x000491   0x80  Data  Lc  main.o [1]
led_thread              0x008ad4   0x5c  Code  Lc  main.o [1]
led_thread_stack        0x000011  0x180  Data  Lc  main.o [1]
led_thread_tcb          0x000529   0x18  Data  Lc  main.o [1]
main                    0x008533   0xbe  Code  Gb  main.o [1]
semDelayTime            0x000578    0x3  Data  Gb  main.o [1]
semLCD                  0x000575    0x3  Data  Gb  main.o [1]
system_ticks            0x000571    0x4  Data  Lc  atomtimer.o [1]
tcbDequeueEntry         0x008815   0xa9  Code  Gb  atomkernel.o [1]
tcbDequeueHead          0x008be2   0x57  Code  Gb  atomkernel.o [1]
tcbDequeuePriority      0x008c8e   0x51  Code  Gb  atomkernel.o [1]
tcbEnqueuePriority      0x008762   0xb3  Code  Gb  atomkernel.o [1]
tcbReadyQ               0x00057b    0x2  Data  Gb  atomkernel.o [1]
temp                    0x000584    0x1  Data  Gb  stm8l_gpio.o [1]
thread_shell            0x008dfa   0x22  Code  Lc  atomport.o [1]
timer_queue             0x000581    0x2  Data  Lc  atomtimer.o [1]


[1] = C:\Users\hera.fgatraining\Desktop\Workplace\FPT_Lab\rtos_lab\project\Debug\Obj
[2] = command line
[3] = dbgstm8smd.a
[4] = dlstm8smn.a

  3 848 bytes of readonly  code memory
    147 bytes of readonly  data memory
  1 669 bytes of readwrite data memory

Errors: none
Warnings: none
