###############################################################################
#
# IAR ELF Linker V3.11.1.207 for STM8                     15/Jul/2019  16:06:50
# Copyright 2010-2019 IAR Systems AB.
#
#    Output file  =  
#        E:\download\Thuc\project\stm8l\port_atom_v2\port_atom_v2.1\Debug\Exe\port_atom_v2.1.out
#    Map file     =  
#        E:\download\Thuc\project\stm8l\port_atom_v2\port_atom_v2.1\Debug\List\port_atom_v2.1.map
#    Command line =  
#        -f C:\Users\17521\AppData\Local\Temp\EWF31E.tmp
#        (E:\download\Thuc\project\stm8l\port_atom_v2\port_atom_v2.1\Debug\Obj\atomkernel.o
#        E:\download\Thuc\project\stm8l\port_atom_v2\port_atom_v2.1\Debug\Obj\atommutex.o
#        E:\download\Thuc\project\stm8l\port_atom_v2\port_atom_v2.1\Debug\Obj\atomport-asm-iar.o
#        E:\download\Thuc\project\stm8l\port_atom_v2\port_atom_v2.1\Debug\Obj\atomport.o
#        E:\download\Thuc\project\stm8l\port_atom_v2\port_atom_v2.1\Debug\Obj\atomqueue.o
#        E:\download\Thuc\project\stm8l\port_atom_v2\port_atom_v2.1\Debug\Obj\atomsem.o
#        E:\download\Thuc\project\stm8l\port_atom_v2\port_atom_v2.1\Debug\Obj\atomtimer.o
#        E:\download\Thuc\project\stm8l\port_atom_v2\port_atom_v2.1\Debug\Obj\clk.o
#        E:\download\Thuc\project\stm8l\port_atom_v2\port_atom_v2.1\Debug\Obj\gpio.o
#        E:\download\Thuc\project\stm8l\port_atom_v2\port_atom_v2.1\Debug\Obj\sem1.o
#        E:\download\Thuc\project\stm8l\port_atom_v2\port_atom_v2.1\Debug\Obj\tests-main.o
#        E:\download\Thuc\project\stm8l\port_atom_v2\port_atom_v2.1\Debug\Obj\tim1.o
#        E:\download\Thuc\project\stm8l\port_atom_v2\port_atom_v2.1\Debug\Obj\uart.o
#        --redirect _Printf=_PrintfSmall --redirect _Scanf=_ScanfSmall
#        --no_out_extension -o
#        E:\download\Thuc\project\stm8l\port_atom_v2\port_atom_v2.1\Debug\Exe\port_atom_v2.1.out
#        --map
#        E:\download\Thuc\project\stm8l\port_atom_v2\port_atom_v2.1\Debug\List\port_atom_v2.1.map
#        --config "C:\Program Files (x86)\IAR Systems\Embedded Workbench
#        8.3_2\stm8\config\lnkstm8l152c6.icf" --config_def _CSTACK_SIZE=0x100
#        --config_def _HEAP_SIZE=0x100 --entry __iar_program_start --debug_lib)
#
###############################################################################

*******************************************************************************
*** RUNTIME MODEL ATTRIBUTES
***

__SystemLibrary            = DLib
__code_model               = small
__core                     = stm8
__data_model               = medium
__dlib_file_descriptor     = 0
__dlib_full_locale_support = 0
__rt_version               = 4


*******************************************************************************
*** PLACEMENT SUMMARY
***

"A0":  place at start of [0x000000-0x0000ff] { rw section .vregs };
"A1":  place at end of [0x000000-0x0007ff] { block CSTACK };
"P2":  place in [from 0x000000 to 0x0007ff] {
          block HEAP, rw section __DLIB_PERTHREAD, rw section .far.bss,
          rw section .far.data, rw section .far.noinit,
          rw section .far_func.textrw, rw section .huge.bss,
          rw section .huge.data, rw section .huge.noinit,
          rw section .huge_func.textrw, rw section .iar.dynexit,
          rw section .near.bss, rw section .near.data, rw section .near.noinit,
          rw section .near_func.textrw };
"A2":  place at start of [0x008000-0x00ffff] { block INTVEC };
"P3":  place in [from 0x008000 to 0x00ffff] {
          ro section __DLIB_PERTHREAD_init, ro section .far.data_init,
          ro section .far_func.textrw_init, ro section .huge.data_init,
          ro section .huge_func.textrw_init, ro section .iar.init_table,
          ro section .init_array, ro section .near.data_init,
          ro section .near.rodata, ro section .near_func.text,
          ro section .near_func.textrw_init, ro section .tiny.data_init,
          ro section .tiny.rodata_init };
"P4":  place in [from 0x008000 to 0x00ffff] {
          ro section .far.rodata, ro section .far_func.text };
"P5":  place in [from 0x008000 to 0x00ffff] {
          ro section .huge.rodata, ro section .huge_func.text };
do not initialize {
   rw section .eeprom.noinit, rw section .far.noinit, rw section .huge.noinit,
   rw section .near.noinit, rw section .tiny.noinit, rw section .vregs };

No sections matched the following patterns:

  ro section .far.data_init          in "P3-P5"
  ro section .far.rodata             in "P3-P5"
  ro section .far_func.text          in "P3-P5"
  ro section .far_func.textrw_init   in "P3-P5"
  ro section .huge.data_init         in "P3-P5"
  ro section .huge.rodata            in "P3-P5"
  ro section .huge_func.text         in "P3-P5"
  ro section .huge_func.textrw_init  in "P3-P5"
  ro section .iar.init_table         in "P3-P5"
  ro section .init_array             in "P3-P5"
  ro section .near.data_init         in "P3-P5"
  ro section .near_func.textrw_init  in "P3-P5"
  ro section .tiny.data_init         in "P3-P5"
  ro section .tiny.rodata_init       in "P3-P5"
  ro section __DLIB_PERTHREAD_init   in "P3-P5"
  rw section .far.bss                in "P2"
  rw section .far.data               in "P2"
  rw section .far.noinit             in "P2"
  rw section .far_func.textrw        in "P2"
  rw section .huge.bss               in "P2"
  rw section .huge.data              in "P2"
  rw section .huge.noinit            in "P2"
  rw section .huge_func.textrw       in "P2"
  rw section .iar.dynexit            in "P2"
  rw section .near.data              in "P2"
  rw section .near.noinit            in "P2"
  rw section .near_func.textrw       in "P2"
  rw section .tiny.bss               in "P1"
  rw section .tiny.data              in "P1"
  rw section .tiny.noinit            in "P1"
  rw section .tiny.rodata            in "P1"
  rw section __DLIB_PERTHREAD        in "P2"
  section .eeprom.data               in "P6-P8"
  section .eeprom.noinit             in "P6-P8"
  section .eeprom.rodata             in "P6-P8"


  Section          Kind      Address    Size  Object
  -------          ----      -------    ----  ------
"A0":                                   0x10
  .vregs           uninit   0x000000    0x10  vregs.o [4]
                          - 0x000010    0x10

"P2":                                  0x3e0
  .near.bss        zero     0x000010   0x180  sem1.o [1]
  .near.bss        zero     0x000190   0x180  tests-main.o [1]
  .near.bss        zero     0x000310    0x80  tests-main.o [1]
  .near.bss        zero     0x000390    0x24  sem1.o [1]
  .near.bss        zero     0x0003b4    0x12  atomkernel.o [1]
  .near.bss        zero     0x0003c6    0x12  tests-main.o [1]
  .near.bss        zero     0x0003d8     0x5  uart.o [1]
  .near.bss        zero     0x0003dd     0x4  atomtimer.o [1]
  .near.bss        zero     0x0003e1     0x3  sem1.o [1]
  .near.bss        zero     0x0003e4     0x3  sem1.o [1]
  .near.bss        zero     0x0003e7     0x2  atomkernel.o [1]
  .near.bss        zero     0x0003e9     0x2  atomkernel.o [1]
  .near.bss        zero     0x0003eb     0x2  atomkernel.o [1]
  .near.bss        zero     0x0003ed     0x2  atomtimer.o [1]
  .near.bss        zero     0x0003ef     0x1  atomkernel.o [1]
                          - 0x0003f0   0x3e0

"A1":                                  0x100
  CSTACK                    0x000700   0x100  <Block>
    CSTACK         uninit   0x000700   0x100  <Block tail>
                          - 0x000800   0x100

"A2":                                   0x80
  INTVEC                    0x008000    0x80  <Block>
    .intvec        const    0x008000    0x80  interrupt.o [4]
                          - 0x008080    0x80

"P3-P5":                              0x1e24
  .near_func.text  ro code  0x008080   0x3a5  xprintfsmall.o [4]
  .near_func.text  ro code  0x008425   0x226  sem1.o [1]
  .near_func.text  ro code  0x00864b   0x19d  atomkernel.o [1]
  .near_func.text  ro code  0x0087e8   0x176  xprintfsmall.o [4]
  .near_func.text  ro code  0x00895e   0x16c  atommutex.o [1]
  .near_func.text  ro code  0x008aca   0x135  atomsem.o [1]
  .near_func.text  ro code  0x008bff   0x119  vreg_util.o [4]
  .near_func.text  ro code  0x008d18    0xf9  atommutex.o [1]
  .near_func.text  ro code  0x008e11    0xe1  long.o [4]
  .near_func.text  ro code  0x008ef2    0xce  atomtimer.o [1]
  .near_func.text  ro code  0x008fc0    0xc1  atomsem.o [1]
  .near_func.text  ro code  0x009081    0xb5  atomsem.o [1]
  .near_func.text  ro code  0x009136    0xb3  atomkernel.o [1]
  .near_func.text  ro code  0x0091e9    0xa9  atomkernel.o [1]
  .near_func.text  ro code  0x009292    0x9c  long_util.o [4]
  .near_func.text  ro code  0x00932e    0x8f  atomtimer.o [1]
  .near_func.text  ro code  0x0093bd    0x6d  sem1.o [1]
  .near_func.text  ro code  0x00942a    0x66  tests-main.o [1]
  .near_func.text  ro code  0x009490    0x64  sem1.o [1]
  .near_func.text  ro code  0x0094f4    0x5c  atomtimer.o [1]
  .near_func.text  ro code  0x009550    0x5a  atommutex.o [1]
  .near_func.text  ro code  0x0095aa    0x5a  atomsem.o [1]
  .near_func.text  ro code  0x009604    0x58  atomport-asm-iar.o [1]
  .near_func.text  ro code  0x00965c    0x57  atomkernel.o [1]
  .near_func.text  ro code  0x0096b3    0x55  atomtimer.o [1]
  .near_func.text  ro code  0x009708    0x51  atomkernel.o [1]
  .near_func.text  ro code  0x009759    0x4d  uart.o [1]
  .near_func.text  ro code  0x0097a6    0x49  gpio.o [1]
  .near_func.text  ro code  0x0097ef    0x42  tests-main.o [1]
  .near_func.text  ro code  0x009831    0x3d  xprintfsmall.o [4]
  .near_func.text  ro code  0x00986e    0x3b  uart.o [1]
  .near_func.text  ro code  0x0098a9    0x37  xprintfsmall.o [4]
  .near_func.text  ro code  0x0098e0    0x36  atomport.o [1]
  .near_func.text  ro code  0x009916    0x35  xprintfsmall.o [4]
  .near_func.text  ro code  0x00994b    0x2f  xprintfsmall.o [4]
  .near.rodata     const    0x00997a    0x29  sem1.o [1]
  .near.rodata     const    0x0099a3    0x29  sem1.o [1]
  .near_func.text  ro code  0x0099cc    0x28  atomtimer.o [1]
  .near_func.text  ro code  0x0099f4    0x27  atomkernel.o [1]
  .near_func.text  ro code  0x009a1b    0x27  uart.o [1]
  .near_func.text  ro code  0x009a42    0x27  putchar.o [4]
  .near.rodata     const    0x009a69    0x23  sem1.o [1]
  .near_func.text  ro code  0x009a8c    0x22  atomport.o [1]
  .near_func.text  ro code  0x009aae    0x22  atomport.o [1]
  .near.rodata     const    0x009ad0    0x21  sem1.o [1]
  .near.rodata     const    0x009af1    0x21  sem1.o [1]
  .near_func.text  ro code  0x009b12    0x21  memchr.o [4]
  .iar.init_table  const    0x009b33     0x8  - Linker created -
  .near.rodata     const    0x009b3b    0x1f  sem1.o [1]
  .near.rodata     const    0x009b5a    0x1f  sem1.o [1]
  .near_func.text  ro code  0x009b79    0x1f  atomkernel.o [1]
  .near.rodata     const    0x009b98    0x1e  sem1.o [1]
  .near.rodata     const    0x009bb6    0x1e  sem1.o [1]
  .near.rodata     const    0x009bd4    0x1e  sem1.o [1]
  .near_func.text  ro code  0x009bf2    0x1e  short.o [4]
  .near_func.text  ro code  0x009c10    0x1e  init_small.o [4]
  .near_func.text  ro code  0x009c2e    0x1d  atommutex.o [1]
  .near_func.text  ro code  0x009c4b    0x1d  tim1.o [1]
  .near_func.text  ro code  0x009c68    0x1d  printf.o [4]
  .near_func.text  ro code  0x009c85    0x1c  clk.o [1]
  .near_func.text  ro code  0x009ca1    0x1b  xprout.o [4]
  .near.rodata     const    0x009cbc    0x1a  sem1.o [1]
  .near.rodata     const    0x009cd6    0x1a  sem1.o [1]
  .near_func.text  ro code  0x009cf0    0x19  atomtimer.o [1]
  .near.rodata     const    0x009d09    0x17  tests-main.o [1]
  .near_func.text  ro code  0x009d20    0x16  atomkernel.o [1]
  .near.rodata     const    0x009d36    0x15  sem1.o [1]
  .near.rodata     const    0x009d4b    0x15  sem1.o [1]
  .near_func.text  ro code  0x009d60    0x15  strchr.o [4]
  .near.rodata     const    0x009d75    0x14  sem1.o [1]
  .near.rodata     const    0x009d89    0x14  sem1.o [1]
  .near.rodata     const    0x009d9d    0x14  sem1.o [1]
  .near_func.text  ro code  0x009db1    0x14  init.o [4]
  .near_func.text  ro code  0x009dc5    0x14  xprintfsmall.o [4]
  .near_func.text  ro code  0x009dd9    0x14  __dbg_xxexit.o [3]
  .near_func.text  ro code  0x009ded    0x13  cstartup.o [4]
  .near.rodata     const    0x009e00    0x12  sem1.o [1]
  .near_func.text  ro code  0x009e12    0x12  atomsem.o [1]
  .near_func.text  ro code  0x009e24     0xd  strlen.o [4]
  .near_func.text  ro code  0x009e31     0xc  atomkernel.o [1]
  .near_func.text  ro code  0x009e3d     0xb  xprintfsmall.o [4]
  .near.rodata     const    0x009e48     0xa  tests-main.o [1]
  .near_func.text  ro code  0x009e52     0xa  xprintfsmall.o [4]
  .near_func.text  ro code  0x009e5c     0x9  xprintfsmall.o [4]
  .near_func.text  ro code  0x009e65     0x8  xprintfsmall.o [4]
  .near.rodata     const    0x009e6d     0x7  xprintfsmall.o [4]
  .near.rodata     const    0x009e74     0x6  tests-main.o [1]
  .near_func.text  ro code  0x009e7a     0x6  atomport.o [1]
  .near_func.text  ro code  0x009e80     0x6  xprintfsmall.o [4]
  .near_func.text  ro code  0x009e86     0x6  xprintfsmall.o [4]
  .near_func.text  ro code  0x009e8c     0x5  cexit.o [4]
  .near.rodata     const    0x009e91     0x4  tests-main.o [1]
  .near_func.text  ro code  0x009e95     0x3  interrupt.o [4]
  .near_func.text  ro code  0x009e98     0x3  low_level_init.o [4]
  .near_func.text  ro code  0x009e9b     0x3  exit.o [4]
  .near_func.text  ro code  0x009e9e     0x3  unhandled_exception.o [4]
  .near_func.text  ro code  0x009ea1     0x2  atomkernel.o [1]
  .near_func.text  ro code  0x009ea3     0x1  __dbg_break.o [3]
                          - 0x009ea4  0x1e24


*******************************************************************************
*** INIT TABLE
***

          Address   Size
          -------   ----
Zero (__iar_zero_init2)
    1 destination range, total size 0x3e0:
          0x000010  0x3e0



*******************************************************************************
*** MODULE SUMMARY
***

    Module                 ro code  ro data  rw data
    ------                 -------  -------  -------
E:\download\Thuc\project\stm8l\port_atom_v2\port_atom_v2.1\Debug\Obj: [1]
    atomkernel.o             1 035                25
    atommutex.o                732
    atomport-asm-iar.o          88
    atomport.o                 128
    atomsem.o                  791
    atomtimer.o                591                 6
    clk.o                       28
    gpio.o                      73
    sem1.o                     759      507      426
    tests-main.o               168       43      530
    tim1.o                      29
    uart.o                     175                 5
    ------------------------------------------------
    Total:                   4 597      550      992

command line: [2]
    ------------------------------------------------
    Total:

dbgstm8smd.a: [3]
    __dbg_break.o                1
    __dbg_xxexit.o              20
    ------------------------------------------------
    Total:                      21

dlstm8smn.a: [4]
    cexit.o                      5
    cstartup.o                  19
    exit.o                       3
    init.o                      20
    init_small.o                30
    interrupt.o                  3      128
    long.o                     225
    long_util.o                156
    low_level_init.o             3
    memchr.o                    33
    printf.o                    29
    putchar.o                   39
    short.o                     30
    strchr.o                    21
    strlen.o                    13
    unhandled_exception.o        3
    vreg_util.o                281
    vregs.o                                       16
    xprintfsmall.o           1 593        7
    xprout.o                    27
    ------------------------------------------------
    Total:                   2 533      135       16

    Linker created                        8      256
----------------------------------------------------
    Grand Total:             7 151      693    1 264


*******************************************************************************
*** ENTRY LIST
***

Entry                    Address   Size  Type      Object
-----                    -------   ----  ----      ------
.iar.init_table$$Base   0x009b33          --   Gb  - Linker created -
.iar.init_table$$Limit  0x009b3b          --   Gb  - Linker created -
?and32_l0_l0_0x         0x008ec2         Code  Gb  long.o [4]
?and32_l0_l0_l1         0x008ebf         Code  Gb  long.o [4]
?b0                     0x000000         Data  Gb  vregs.o [4]
?b1                     0x000001         Data  Gb  vregs.o [4]
?b10                    0x00000a         Data  Gb  vregs.o [4]
?b11                    0x00000b         Data  Gb  vregs.o [4]
?b12                    0x00000c         Data  Gb  vregs.o [4]
?b13                    0x00000d         Data  Gb  vregs.o [4]
?b14                    0x00000e         Data  Gb  vregs.o [4]
?b15                    0x00000f         Data  Gb  vregs.o [4]
?b2                     0x000002         Data  Gb  vregs.o [4]
?b3                     0x000003         Data  Gb  vregs.o [4]
?b4                     0x000004         Data  Gb  vregs.o [4]
?b5                     0x000005         Data  Gb  vregs.o [4]
?b6                     0x000006         Data  Gb  vregs.o [4]
?b7                     0x000007         Data  Gb  vregs.o [4]
?b8                     0x000008         Data  Gb  vregs.o [4]
?b9                     0x000009         Data  Gb  vregs.o [4]
?dec32_0x_0x            0x008e3e         Code  Gb  long.o [4]
?dec32_l1_l1            0x008e39         Code  Gb  long.o [4]
?e0                     0x000001         Data  Gb  vregs.o [4]
?e1                     0x000005         Data  Gb  vregs.o [4]
?e2                     0x000009         Data  Gb  vregs.o [4]
?e3                     0x00000d         Data  Gb  vregs.o [4]
?epilogue_l2            0x008ca4         Code  Gb  vreg_util.o [4]
?epilogue_l2_l3         0x008ca1         Code  Gb  vreg_util.o [4]
?epilogue_l2_w6         0x008ca8         Code  Gb  vreg_util.o [4]
?epilogue_w4            0x008caf         Code  Gb  vreg_util.o [4]
?inc32_0x_0x            0x008e2b         Code  Gb  long.o [4]
?inc32_l0_l0            0x008e21         Code  Gb  long.o [4]
?inc32_l3_l3            0x008e26         Code  Gb  long.o [4]
?l0                     0x000000         Data  Gb  vregs.o [4]
?l1                     0x000004         Data  Gb  vregs.o [4]
?l2                     0x000008         Data  Gb  vregs.o [4]
?l3                     0x00000c         Data  Gb  vregs.o [4]
?load32_0x_l0           0x0092d4         Code  Gb  long_util.o [4]
?load32_0x_l1           0x0092e2         Code  Gb  long_util.o [4]
?load32_0x_l2           0x009301         Code  Gb  long_util.o [4]
?load32_0x_l3           0x009320         Code  Gb  long_util.o [4]
?load32_asp_l0          0x0092c8         Code  Gb  long_util.o [4]
?load32_asp_l2          0x0092f5         Code  Gb  long_util.o [4]
?load32_asp_l3          0x009314         Code  Gb  long_util.o [4]
?load32_dbsp_l0         0x0092c3         Code  Gb  long_util.o [4]
?load32_dbsp_l2         0x0092f0         Code  Gb  long_util.o [4]
?load32_dbsp_l3         0x00930f         Code  Gb  long_util.o [4]
?load32_l0_0x           0x0092a2         Code  Gb  long_util.o [4]
?load32_l0_asp          0x009297         Code  Gb  long_util.o [4]
?load32_l0_dbsp         0x009292         Code  Gb  long_util.o [4]
?load32_l0_xsp          0x009299         Code  Gb  long_util.o [4]
?load32_l1_0x           0x0092b7         Code  Gb  long_util.o [4]
?load32_l1_xsp          0x0092ae         Code  Gb  long_util.o [4]
?load32_xsp_l0          0x0092ca         Code  Gb  long_util.o [4]
?load32_xsp_l2          0x0092f7         Code  Gb  long_util.o [4]
?load32_xsp_l3          0x009316         Code  Gb  long_util.o [4]
?mov_e0_e2              0x008ce7         Code  Gb  vreg_util.o [4]
?mov_e1_e0              0x008cf4         Code  Gb  vreg_util.o [4]
?mov_e2_e0              0x008d01         Code  Gb  vreg_util.o [4]
?mov_e3_e0              0x008d0e         Code  Gb  vreg_util.o [4]
?mov_l0_l2              0x008ce4         Code  Gb  vreg_util.o [4]
?mov_l1_l0              0x008cf1         Code  Gb  vreg_util.o [4]
?mov_l2_l0              0x008cfe         Code  Gb  vreg_util.o [4]
?mov_l3_l0              0x008d0b         Code  Gb  vreg_util.o [4]
?mov_w0_w5              0x008cb3         Code  Gb  vreg_util.o [4]
?mov_w1_w0              0x008cba         Code  Gb  vreg_util.o [4]
?mov_w1_w5              0x008cea         Code  Gb  vreg_util.o [4]
?mov_w2_w0              0x008cc1         Code  Gb  vreg_util.o [4]
?mov_w3_w1              0x008cf7         Code  Gb  vreg_util.o [4]
?mov_w4_w0              0x008cc8         Code  Gb  vreg_util.o [4]
?mov_w4_w1              0x008ccf         Code  Gb  vreg_util.o [4]
?mov_w5_w0              0x008cd6         Code  Gb  vreg_util.o [4]
?mov_w5_w1              0x008d04         Code  Gb  vreg_util.o [4]
?mov_w6_w2              0x008cdd         Code  Gb  vreg_util.o [4]
?mov_w7_w1              0x008d11         Code  Gb  vreg_util.o [4]
?mul16_x_x_w0           0x009bf2         Code  Gb  short.o [4]
?neg32_l0_l0            0x008e11         Code  Gb  long.o [4]
?pop_l0                 0x008c6d         Code  Gb  vreg_util.o [4]
?pop_l1                 0x008c78         Code  Gb  vreg_util.o [4]
?pop_l2                 0x008c83         Code  Gb  vreg_util.o [4]
?pop_l3                 0x008c8e         Code  Gb  vreg_util.o [4]
?pop_w4                 0x008c26         Code  Gb  vreg_util.o [4]
?pop_w6                 0x008c2d         Code  Gb  vreg_util.o [4]
?push_l0                0x008c3c         Code  Gb  vreg_util.o [4]
?push_l1                0x008c41         Code  Gb  vreg_util.o [4]
?push_l2                0x008c46         Code  Gb  vreg_util.o [4]
?push_l3                0x008c4b         Code  Gb  vreg_util.o [4]
?push_w0                0x008bff         Code  Gb  vreg_util.o [4]
?push_w1                0x008c04         Code  Gb  vreg_util.o [4]
?push_w4                0x008c09         Code  Gb  vreg_util.o [4]
?push_w6                0x008c0e         Code  Gb  vreg_util.o [4]
?sext32_l0_a            0x008ee5         Code  Gb  long.o [4]
?sext32_l0_x            0x008eda         Code  Gb  long.o [4]
?udiv32_l0_l0_l1        0x008e52         Code  Gb  long.o [4]
?umod32_l1_l0_l1        0x008e52         Code  Gb  long.o [4]
?w0                     0x000000         Data  Gb  vregs.o [4]
?w1                     0x000002         Data  Gb  vregs.o [4]
?w2                     0x000004         Data  Gb  vregs.o [4]
?w3                     0x000006         Data  Gb  vregs.o [4]
?w4                     0x000008         Data  Gb  vregs.o [4]
?w5                     0x00000a         Data  Gb  vregs.o [4]
?w6                     0x00000c         Data  Gb  vregs.o [4]
?w7                     0x00000e         Data  Gb  vregs.o [4]
CSTACK$$Base            0x000700          --   Gb  - Linker created -
CSTACK$$Limit           0x000800          --   Gb  - Linker created -
Clk_Init                0x009c85   0x1c  Code  Gb  clk.o [1]
GPIO_Init               0x0097a6   0x49  Code  Gb  gpio.o [1]
INTVEC$$Base            0x008000          --   Gb  - Linker created -
INTVEC$$Limit           0x008080          --   Gb  - Linker created -
LoadInt                 0x009831   0x3d  Code  Lc  xprintfsmall.o [4]
Region$$Table$$Base     0x009b33          --   Gb  - Linker created -
Region$$Table$$Limit    0x009b3b          --   Gb  - Linker created -
TIM1_SystemTickISR      0x009aae   0x22  Code  Gb  atomport.o [1]
Tim1_Init               0x009c4b   0x1d  Code  Gb  tim1.o [1]
_LitobSmall             0x0087e8  0x176  Code  Lc  xprintfsmall.o [4]
_PrintfSmall            0x008080  0x3a5  Code  Gb  xprintfsmall.o [4]
_Prout                  0x009ca1   0x1b  Code  Gb  xprout.o [4]
_PutcharSmall           0x00994b   0x2f  Code  Lc  xprintfsmall.o [4]
_PutcharsSmall          0x009916   0x35  Code  Lc  xprintfsmall.o [4]
__DebugBreak            0x009ea3    0x1  Code  Gb  __dbg_break.o [3]
__exit                  0x009dd9   0x14  Code  Gb  __dbg_xxexit.o [3]
__iar_Memchr            0x009b12   0x21  Code  Gb  memchr.o [4]
__iar_Strchr            0x009d60   0x15  Code  Gb  strchr.o [4]
__iar_data_init2        0x009db1   0x14  Code  Gb  init.o [4]
__iar_program_start     0x009ded         Code  Gb  cstartup.o [4]
__iar_unhandled_exception
                        0x009e9e         Code  Gb  unhandled_exception.o [4]
__iar_zero_init2        0x009c10         Code  Gb  init_small.o [4]
__intvec                0x008000         Data  Gb  interrupt.o [4]
__low_level_init        0x009e98    0x3  Code  Gb  low_level_init.o [4]
__write                 0x009759   0x4d  Code  Gb  uart.o [1]
_exit                   0x009e8c         Code  Gb  cexit.o [4]
_interrupt_25           0x009aae         Code  Gb  atomport.o [1]
archContextSwitch       0x009604         Code  Gb  atomport-asm-iar.o [1]
archFirstThreadRestore  0x009641         Code  Gb  atomport-asm-iar.o [1]
archInitSystemTickTimer
                        0x009e7a    0x6  Code  Gb  atomport.o [1]
archThreadContextInit   0x0098e0   0x36  Code  Gb  atomport.o [1]
atomCurrentContext      0x009e31    0xc  Code  Gb  atomkernel.o [1]
atomIdleThread          0x009ea1    0x2  Code  Lc  atomkernel.o [1]
atomIntCnt              0x0003eb    0x2  Data  Lc  atomkernel.o [1]
atomIntEnter            0x0087d6    0x8  Code  Gb  atomkernel.o [1]
atomIntExit             0x0087de    0xa  Code  Gb  atomkernel.o [1]
atomMutexCreate         0x009c2e   0x1d  Code  Gb  atommutex.o [1]
atomMutexGet            0x00895e  0x16c  Code  Gb  atommutex.o [1]
atomMutexPut            0x008d18   0xf9  Code  Gb  atommutex.o [1]
atomMutexTimerCallback  0x009550   0x5a  Code  Lc  atommutex.o [1]
atomOSInit              0x0099f4   0x27  Code  Gb  atomkernel.o [1]
atomOSStart             0x009d20   0x16  Code  Gb  atomkernel.o [1]
atomOSStarted           0x0003ef    0x1  Data  Gb  atomkernel.o [1]
atomSched               0x00864b   0x9e  Code  Gb  atomkernel.o [1]
atomSemCreate           0x009e12   0x12  Code  Gb  atomsem.o [1]
atomSemDelete           0x008fc0   0xc1  Code  Gb  atomsem.o [1]
atomSemGet              0x008aca  0x135  Code  Gb  atomsem.o [1]
atomSemPut              0x009081   0xb5  Code  Gb  atomsem.o [1]
atomSemTimerCallback    0x0095aa   0x5a  Code  Lc  atomsem.o [1]
atomThreadCreate        0x0086e9   0xed  Code  Gb  atomkernel.o [1]
atomThreadSwitch        0x009b79   0x1f  Code  Lc  atomkernel.o [1]
atomTimerCallbacks      0x008ef2   0xce  Code  Lc  atomtimer.o [1]
atomTimerCancel         0x0096b3   0x55  Code  Gb  atomtimer.o [1]
atomTimerDelay          0x00932e   0x8f  Code  Gb  atomtimer.o [1]
atomTimerDelayCallback  0x0099cc   0x28  Code  Lc  atomtimer.o [1]
atomTimerRegister       0x0094f4   0x5c  Code  Gb  atomtimer.o [1]
atomTimerTick           0x009cf0   0x19  Code  Gb  atomtimer.o [1]
curr_tcb                0x0003e9    0x2  Data  Lc  atomkernel.o [1]
exit                    0x009e9b    0x3  Code  Gb  exit.o [4]
idle_tcb                0x0003b4   0x12  Data  Lc  atomkernel.o [1]
idle_thread_stack       0x000310   0x80  Data  Lc  tests-main.o [1]
main                    0x0097ef   0x42  Code  Gb  tests-main.o [1]
main_tcb                0x0003c6   0x12  Data  Lc  tests-main.o [1]
main_thread_func        0x00942a   0x66  Code  Lc  tests-main.o [1]
main_thread_stack       0x000190  0x180  Data  Lc  tests-main.o [1]
pad                     0x0098a9   0x37  Code  Lc  xprintfsmall.o [4]
printf                  0x009c68   0x1d  Code  Gb  printf.o [4]
putchar                 0x009a42   0x27  Code  Gb  putchar.o [4]
sem1                    0x0003e1    0x3  Data  Lc  sem1.o [1]
sem2                    0x0003e4    0x3  Data  Lc  sem1.o [1]
strlen                  0x009e24    0xd  Code  Gb  strlen.o [4]
system_ticks            0x0003dd    0x4  Data  Lc  atomtimer.o [1]
tcb                     0x000390   0x24  Data  Lc  sem1.o [1]
tcbDequeueEntry         0x0091e9   0xa9  Code  Gb  atomkernel.o [1]
tcbDequeueHead          0x00965c   0x57  Code  Gb  atomkernel.o [1]
tcbDequeuePriority      0x009708   0x51  Code  Gb  atomkernel.o [1]
tcbEnqueuePriority      0x009136   0xb3  Code  Gb  atomkernel.o [1]
tcbReadyQ               0x0003e7    0x2  Data  Gb  atomkernel.o [1]
test1_thread_func       0x009490   0x64  Code  Lc  sem1.o [1]
test2_thread_func       0x0093bd   0x6d  Code  Lc  sem1.o [1]
test_start              0x008425  0x226  Code  Gb  sem1.o [1]
test_thread_stack       0x000010  0x180  Data  Lc  sem1.o [1]
thread_shell            0x009a8c   0x22  Code  Lc  atomport.o [1]
timer_queue             0x0003ed    0x2  Data  Lc  atomtimer.o [1]
uart_init               0x009a1b   0x27  Code  Gb  uart.o [1]
uart_mutex              0x0003d8    0x5  Data  Lc  uart.o [1]
uart_putchar            0x00986e   0x3b  Code  Gb  uart.o [1]


[1] = E:\download\Thuc\project\stm8l\port_atom_v2\port_atom_v2.1\Debug\Obj
[2] = command line
[3] = dbgstm8smd.a
[4] = dlstm8smn.a

  7 151 bytes of readonly  code memory
    693 bytes of readonly  data memory
  1 264 bytes of readwrite data memory

Errors: none
Warnings: none
