###############################################################################
#
# IAR ELF Linker V3.11.1.207 for STM8                     11/Jul/2019  13:40:20
# Copyright 2010-2019 IAR Systems AB.
#
#    Output file  =  
#        D:\ThucLT\project\FPT_Lab\stm8l151k6t6\usart_gpio\Debug\Exe\usart_gpio.out
#    Map file     =  
#        D:\ThucLT\project\FPT_Lab\stm8l151k6t6\usart_gpio\Debug\List\usart_gpio.map
#    Command line =  
#        -f C:\Users\HERA~1.FGA\AppData\Local\Temp\EW718.tmp
#        (D:\ThucLT\project\FPT_Lab\stm8l151k6t6\usart_gpio\Debug\Obj\clk.o
#        D:\ThucLT\project\FPT_Lab\stm8l151k6t6\usart_gpio\Debug\Obj\exti.o
#        D:\ThucLT\project\FPT_Lab\stm8l151k6t6\usart_gpio\Debug\Obj\gpio.o
#        D:\ThucLT\project\FPT_Lab\stm8l151k6t6\usart_gpio\Debug\Obj\itc.o
#        D:\ThucLT\project\FPT_Lab\stm8l151k6t6\usart_gpio\Debug\Obj\lcd.o
#        D:\ThucLT\project\FPT_Lab\stm8l151k6t6\usart_gpio\Debug\Obj\main.o
#        D:\ThucLT\project\FPT_Lab\stm8l151k6t6\usart_gpio\Debug\Obj\tim4.o
#        D:\ThucLT\project\FPT_Lab\stm8l151k6t6\usart_gpio\Debug\Obj\usart.o
#        --redirect _Printf=_PrintfSmall --redirect _Scanf=_ScanfSmall
#        --no_out_extension -o
#        D:\ThucLT\project\FPT_Lab\stm8l151k6t6\usart_gpio\Debug\Exe\usart_gpio.out
#        --map
#        D:\ThucLT\project\FPT_Lab\stm8l151k6t6\usart_gpio\Debug\List\usart_gpio.map
#        --config "C:\Program Files (x86)\IAR Systems\Embedded Workbench
#        8.3\stm8\config\lnkstm8l151k6.icf" --config_def _CSTACK_SIZE=0x100
#        --config_def _HEAP_SIZE=0x100 --entry __iar_program_start --debug_lib)
#
###############################################################################

*******************************************************************************
*** RUNTIME MODEL ATTRIBUTES
***

__SystemLibrary            = DLib
__code_model               = small
__core                     = stm8
__data_model               = medium
__dlib_file_descriptor     = 0
__dlib_full_locale_support = 0
__rt_version               = 4


*******************************************************************************
*** PLACEMENT SUMMARY
***

"A0":  place at start of [0x000000-0x0000ff] { rw section .vregs };
"A1":  place at end of [0x000000-0x0007ff] { block CSTACK };
"P2":  place in [from 0x000000 to 0x0007ff] {
          block HEAP, rw section __DLIB_PERTHREAD, rw section .far.bss,
          rw section .far.data, rw section .far.noinit,
          rw section .far_func.textrw, rw section .huge.bss,
          rw section .huge.data, rw section .huge.noinit,
          rw section .huge_func.textrw, rw section .iar.dynexit,
          rw section .near.bss, rw section .near.data, rw section .near.noinit,
          rw section .near_func.textrw };
"A2":  place at start of [0x008000-0x00ffff] { block INTVEC };
"P3":  place in [from 0x008000 to 0x00ffff] {
          ro section __DLIB_PERTHREAD_init, ro section .far.data_init,
          ro section .far_func.textrw_init, ro section .huge.data_init,
          ro section .huge_func.textrw_init, ro section .iar.init_table,
          ro section .init_array, ro section .near.data_init,
          ro section .near.rodata, ro section .near_func.text,
          ro section .near_func.textrw_init, ro section .tiny.data_init,
          ro section .tiny.rodata_init };
"P4":  place in [from 0x008000 to 0x00ffff] {
          ro section .far.rodata, ro section .far_func.text };
"P5":  place in [from 0x008000 to 0x00ffff] {
          ro section .huge.rodata, ro section .huge_func.text };
do not initialize {
   rw section .eeprom.noinit, rw section .far.noinit, rw section .huge.noinit,
   rw section .near.noinit, rw section .tiny.noinit, rw section .vregs };

No sections matched the following patterns:

  ro section .far.data_init          in "P3-P5"
  ro section .far.rodata             in "P3-P5"
  ro section .far_func.text          in "P3-P5"
  ro section .far_func.textrw_init   in "P3-P5"
  ro section .huge.data_init         in "P3-P5"
  ro section .huge.rodata            in "P3-P5"
  ro section .huge_func.text         in "P3-P5"
  ro section .huge_func.textrw_init  in "P3-P5"
  ro section .iar.init_table         in "P3-P5"
  ro section .init_array             in "P3-P5"
  ro section .near.data_init         in "P3-P5"
  ro section .near_func.textrw_init  in "P3-P5"
  ro section .tiny.data_init         in "P3-P5"
  ro section .tiny.rodata_init       in "P3-P5"
  ro section __DLIB_PERTHREAD_init   in "P3-P5"
  rw section .far.bss                in "P2"
  rw section .far.data               in "P2"
  rw section .far.noinit             in "P2"
  rw section .far_func.textrw        in "P2"
  rw section .huge.bss               in "P2"
  rw section .huge.data              in "P2"
  rw section .huge.noinit            in "P2"
  rw section .huge_func.textrw       in "P2"
  rw section .iar.dynexit            in "P2"
  rw section .near.data              in "P2"
  rw section .near.noinit            in "P2"
  rw section .near_func.textrw       in "P2"
  rw section .tiny.bss               in "P1"
  rw section .tiny.data              in "P1"
  rw section .tiny.noinit            in "P1"
  rw section .tiny.rodata            in "P1"
  rw section __DLIB_PERTHREAD        in "P2"
  section .eeprom.data               in "P6-P8"
  section .eeprom.noinit             in "P6-P8"
  section .eeprom.rodata             in "P6-P8"


  Section          Kind      Address   Size  Object
  -------          ----      -------   ----  ------
"A0":                                   0xc
  .vregs           uninit   0x000000    0xc  vregs.o [4]
                          - 0x00000c    0xc

"P2":                                  0xcc
  .near.bss        zero     0x00000c   0xc8  usart.o [1]
  .near.bss        zero     0x0000d4    0x4  tim4.o [1]
                          - 0x0000d8   0xcc

"A1":                                 0x100
  CSTACK                    0x000700  0x100  <Block>
    CSTACK         uninit   0x000700  0x100  <Block tail>
                          - 0x000800  0x100

"A2":                                  0x80
  INTVEC                    0x008000   0x80  <Block>
    .intvec        const    0x008000   0x80  interrupt.o [4]
                          - 0x008080   0x80

"P3-P5":                              0x2f8
  .near_func.text  ro code  0x008080   0x7d  vreg_util.o [4]
  .near_func.text  ro code  0x0080fd   0x6a  usart.o [1]
  .near_func.text  ro code  0x008167   0x3b  main.o [1]
  .near_func.text  ro code  0x0081a2   0x31  clk.o [1]
  .near_func.text  ro code  0x0081d3   0x29  gpio.o [1]
  .near_func.text  ro code  0x0081fc   0x25  usart.o [1]
  .near_func.text  ro code  0x008221   0x23  long.o [4]
  .iar.init_table  const    0x008244    0x8  - Linker created -
  .near_func.text  ro code  0x00824c   0x1f  main.o [1]
  .near_func.text  ro code  0x00826b   0x1e  init_small.o [4]
  .near_func.text  ro code  0x008289   0x1a  main.o [1]
  .near_func.text  ro code  0x0082a3   0x1a  long_util.o [4]
  .near_func.text  ro code  0x0082bd   0x19  tim4.o [1]
  .near_func.text  ro code  0x0082d6   0x19  usart.o [1]
  .near_func.text  ro code  0x0082ef   0x14  init.o [4]
  .near_func.text  ro code  0x008303   0x14  __dbg_xxexit.o [3]
  .near_func.text  ro code  0x008317   0x13  cstartup.o [4]
  .near_func.text  ro code  0x00832a    0xe  usart.o [1]
  .near_func.text  ro code  0x008338    0xd  strlen.o [4]
  .near_func.text  ro code  0x008345    0x9  exti.o [1]
  .near_func.text  ro code  0x00834e    0x9  itc.o [1]
  .near_func.text  ro code  0x008357    0x9  usart.o [1]
  .near.rodata     const    0x008360    0x6  main.o [1]
  .near_func.text  ro code  0x008366    0x5  cexit.o [4]
  .near_func.text  ro code  0x00836b    0x3  interrupt.o [4]
  .near_func.text  ro code  0x00836e    0x3  low_level_init.o [4]
  .near_func.text  ro code  0x008371    0x3  exit.o [4]
  .near_func.text  ro code  0x008374    0x3  unhandled_exception.o [4]
  .near_func.text  ro code  0x008377    0x1  __dbg_break.o [3]
                          - 0x008378  0x2f8


*******************************************************************************
*** INIT TABLE
***

          Address   Size
          -------   ----
Zero (__iar_zero_init2)
    1 destination range, total size 0xcc:
          0x00000c  0xcc



*******************************************************************************
*** MODULE SUMMARY
***

    Module                 ro code  ro data  rw data
    ------                 -------  -------  -------
D:\ThucLT\project\FPT_Lab\stm8l151k6t6\usart_gpio\Debug\Obj: [1]
    clk.o                       49
    exti.o                       9
    gpio.o                      41
    itc.o                        9
    main.o                     116        6
    tim4.o                      25                 4
    usart.o                    191               200
    ------------------------------------------------
    Total:                     440        6      204

command line: [2]
    ------------------------------------------------
    Total:

dbgstm8smd.a: [3]
    __dbg_break.o                1
    __dbg_xxexit.o              20
    ------------------------------------------------
    Total:                      21

dlstm8smn.a: [4]
    cexit.o                      5
    cstartup.o                  19
    exit.o                       3
    init.o                      20
    init_small.o                30
    interrupt.o                  3      128
    long.o                      35
    long_util.o                 26
    low_level_init.o             3
    strlen.o                    13
    unhandled_exception.o        3
    vreg_util.o                125
    vregs.o                                       12
    ------------------------------------------------
    Total:                     285      128       12

    Linker created                        8      256
----------------------------------------------------
    Grand Total:               746      142      472


*******************************************************************************
*** ENTRY LIST
***

Entry                    Address  Size  Type      Object
-----                    -------  ----  ----      ------
.iar.init_table$$Base   0x008244         --   Gb  - Linker created -
.iar.init_table$$Limit  0x00824c         --   Gb  - Linker created -
?b0                     0x000000        Data  Gb  vregs.o [4]
?b1                     0x000001        Data  Gb  vregs.o [4]
?b10                    0x00000a        Data  Gb  vregs.o [4]
?b11                    0x00000b        Data  Gb  vregs.o [4]
?b2                     0x000002        Data  Gb  vregs.o [4]
?b3                     0x000003        Data  Gb  vregs.o [4]
?b4                     0x000004        Data  Gb  vregs.o [4]
?b5                     0x000005        Data  Gb  vregs.o [4]
?b6                     0x000006        Data  Gb  vregs.o [4]
?b7                     0x000007        Data  Gb  vregs.o [4]
?b8                     0x000008        Data  Gb  vregs.o [4]
?b9                     0x000009        Data  Gb  vregs.o [4]
?e0                     0x000001        Data  Gb  vregs.o [4]
?e1                     0x000005        Data  Gb  vregs.o [4]
?e2                     0x000009        Data  Gb  vregs.o [4]
?epilogue_w4            0x0080ec        Code  Gb  vreg_util.o [4]
?inc32_0x_0x            0x008226        Code  Gb  long.o [4]
?inc32_l0_l0            0x008221        Code  Gb  long.o [4]
?l0                     0x000000        Data  Gb  vregs.o [4]
?l1                     0x000004        Data  Gb  vregs.o [4]
?l2                     0x000008        Data  Gb  vregs.o [4]
?load32_0x_l0           0x0082af        Code  Gb  long_util.o [4]
?load32_l0_0x           0x0082a3        Code  Gb  long_util.o [4]
?mov_e0_e1              0x0080f3        Code  Gb  vreg_util.o [4]
?mov_l0_l1              0x0080f0        Code  Gb  vreg_util.o [4]
?mov_w1_w3              0x0080f6        Code  Gb  vreg_util.o [4]
?pop_l0                 0x0080ce        Code  Gb  vreg_util.o [4]
?pop_l1                 0x0080d9        Code  Gb  vreg_util.o [4]
?pop_w4                 0x008098        Code  Gb  vreg_util.o [4]
?push_l0                0x0080a7        Code  Gb  vreg_util.o [4]
?push_l1                0x0080ac        Code  Gb  vreg_util.o [4]
?push_w4                0x008080        Code  Gb  vreg_util.o [4]
?ucmp32_c_l0_0x         0x008234        Code  Gb  long.o [4]
?w0                     0x000000        Data  Gb  vregs.o [4]
?w1                     0x000002        Data  Gb  vregs.o [4]
?w2                     0x000004        Data  Gb  vregs.o [4]
?w3                     0x000006        Data  Gb  vregs.o [4]
?w4                     0x000008        Data  Gb  vregs.o [4]
?w5                     0x00000a        Data  Gb  vregs.o [4]
Buff_Receive_USART      0x00000c  0xc8  Data  Gb  usart.o [1]
CSTACK$$Base            0x000700         --   Gb  - Linker created -
CSTACK$$Limit           0x000800         --   Gb  - Linker created -
Clk_Init                0x0081a2  0x31  Code  Gb  clk.o [1]
EXTI_Handle_Bit_0       0x00824c  0x1f  Code  Gb  main.o [1]
Exti_Init               0x008345   0x9  Code  Gb  exti.o [1]
GPIO_Init               0x0081d3  0x29  Code  Gb  gpio.o [1]
INTVEC$$Base            0x008000         --   Gb  - Linker created -
INTVEC$$Limit           0x008080         --   Gb  - Linker created -
Itc_Init                0x00834e   0x9  Code  Gb  itc.o [1]
Region$$Table$$Base     0x008244         --   Gb  - Linker created -
Region$$Table$$Limit    0x00824c         --   Gb  - Linker created -
TIM4_UPD_OVF_TRG_IRQHandler
                        0x008289  0x1a  Code  Gb  main.o [1]
Tim4_Init               0x0082bd  0x19  Code  Gb  tim4.o [1]
USART1_Init             0x0082d6  0x19  Code  Gb  usart.o [1]
USART1_Receive_Char     0x00832a   0xe  Code  Gb  usart.o [1]
USART1_Receive_String_TimeOutReset
                        0x0080fd  0x6a  Code  Gb  usart.o [1]
USART1_Send_Char        0x008357   0x9  Code  Gb  usart.o [1]
USART1_Send_String      0x0081fc  0x25  Code  Gb  usart.o [1]
__DebugBreak            0x008377   0x1  Code  Gb  __dbg_break.o [3]
__exit                  0x008303  0x14  Code  Gb  __dbg_xxexit.o [3]
__iar_data_init2        0x0082ef  0x14  Code  Gb  init.o [4]
__iar_program_start     0x008317        Code  Gb  cstartup.o [4]
__iar_unhandled_exception
                        0x008374        Code  Gb  unhandled_exception.o [4]
__iar_zero_init2        0x00826b        Code  Gb  init_small.o [4]
__intvec                0x008000        Data  Gb  interrupt.o [4]
__low_level_init        0x00836e   0x3  Code  Gb  low_level_init.o [4]
_exit                   0x008366        Code  Gb  cexit.o [4]
_interrupt_10           0x00824c        Code  Gb  main.o [1]
_interrupt_27           0x008289        Code  Gb  main.o [1]
exit                    0x008371   0x3  Code  Gb  exit.o [4]
main                    0x008167  0x3b  Code  Gb  main.o [1]
strlen                  0x008338   0xd  Code  Gb  strlen.o [4]
timeCount               0x0000d4   0x4  Data  Gb  tim4.o [1]


[1] = D:\ThucLT\project\FPT_Lab\stm8l151k6t6\usart_gpio\Debug\Obj
[2] = command line
[3] = dbgstm8smd.a
[4] = dlstm8smn.a

  746 bytes of readonly  code memory
  142 bytes of readonly  data memory
  472 bytes of readwrite data memory

Errors: none
Warnings: none
