###############################################################################
#
# IAR ELF Linker V3.11.1.207 for STM8                     17/Jul/2019  14:35:38
# Copyright 2010-2019 IAR Systems AB.
#
#    Output file  =  
#        D:\ThucLT\project\FPT_Lab\port_atom_v2\port_atom_v2.2\test_stack\Debug\Exe\test_stack.out
#    Map file     =  
#        D:\ThucLT\project\FPT_Lab\port_atom_v2\port_atom_v2.2\test_stack\Debug\List\test_stack.map
#    Command line =  
#        -f C:\Users\HERA~1.FGA\AppData\Local\Temp\EW156C.tmp
#        (D:\ThucLT\project\FPT_Lab\port_atom_v2\port_atom_v2.2\test_stack\Debug\Obj\atomkernel.o
#        D:\ThucLT\project\FPT_Lab\port_atom_v2\port_atom_v2.2\test_stack\Debug\Obj\atommutex.o
#        D:\ThucLT\project\FPT_Lab\port_atom_v2\port_atom_v2.2\test_stack\Debug\Obj\atomport-asm-iar.o
#        D:\ThucLT\project\FPT_Lab\port_atom_v2\port_atom_v2.2\test_stack\Debug\Obj\atomport.o
#        D:\ThucLT\project\FPT_Lab\port_atom_v2\port_atom_v2.2\test_stack\Debug\Obj\atomqueue.o
#        D:\ThucLT\project\FPT_Lab\port_atom_v2\port_atom_v2.2\test_stack\Debug\Obj\atomsem.o
#        D:\ThucLT\project\FPT_Lab\port_atom_v2\port_atom_v2.2\test_stack\Debug\Obj\atomtimer.o
#        D:\ThucLT\project\FPT_Lab\port_atom_v2\port_atom_v2.2\test_stack\Debug\Obj\clk.o
#        D:\ThucLT\project\FPT_Lab\port_atom_v2\port_atom_v2.2\test_stack\Debug\Obj\gpio.o
#        D:\ThucLT\project\FPT_Lab\port_atom_v2\port_atom_v2.2\test_stack\Debug\Obj\test_stack.o
#        D:\ThucLT\project\FPT_Lab\port_atom_v2\port_atom_v2.2\test_stack\Debug\Obj\tests-main.o
#        D:\ThucLT\project\FPT_Lab\port_atom_v2\port_atom_v2.2\test_stack\Debug\Obj\tim1.o
#        D:\ThucLT\project\FPT_Lab\port_atom_v2\port_atom_v2.2\test_stack\Debug\Obj\uart.o
#        --redirect _Printf=_PrintfSmall --redirect _Scanf=_ScanfSmall
#        --no_out_extension -o
#        D:\ThucLT\project\FPT_Lab\port_atom_v2\port_atom_v2.2\test_stack\Debug\Exe\test_stack.out
#        --map
#        D:\ThucLT\project\FPT_Lab\port_atom_v2\port_atom_v2.2\test_stack\Debug\List\test_stack.map
#        --config "C:\Program Files (x86)\IAR Systems\Embedded Workbench
#        8.3\stm8\config\lnkstm8l152c6.icf" --config_def _CSTACK_SIZE=0x100
#        --config_def _HEAP_SIZE=0x100 --entry __iar_program_start --debug_lib)
#
###############################################################################

*******************************************************************************
*** MESSAGES
***

Error[Li005]: no definition for "atomThreadStackCheck" [referenced from D:\Thuc
          LT\project\FPT_Lab\port_atom_v2\port_atom_v2.2\test_stack\Debug\Obj\t
          ests-main.o]


*******************************************************************************
*** RUNTIME MODEL ATTRIBUTES
***

__SystemLibrary            = DLib
__code_model               = small
__core                     = stm8
__data_model               = medium
__dlib_file_descriptor     = 0
__dlib_full_locale_support = 0
__rt_version               = 4


*******************************************************************************
*** PLACEMENT SUMMARY
***

"A0":  place at start of [0x000000-0x0000ff] { rw section .vregs };
"A1":  place at end of [0x000000-0x0007ff] { block CSTACK };
"P2":  place in [from 0x000000 to 0x0007ff] {
          block HEAP, rw section __DLIB_PERTHREAD, rw section .far.bss,
          rw section .far.data, rw section .far.noinit,
          rw section .far_func.textrw, rw section .huge.bss,
          rw section .huge.data, rw section .huge.noinit,
          rw section .huge_func.textrw, rw section .iar.dynexit,
          rw section .near.bss, rw section .near.data, rw section .near.noinit,
          rw section .near_func.textrw };
"A2":  place at start of [0x008000-0x00ffff] { block INTVEC };
"P3":  place in [from 0x008000 to 0x00ffff] {
          ro section __DLIB_PERTHREAD_init, ro section .far.data_init,
          ro section .far_func.textrw_init, ro section .huge.data_init,
          ro section .huge_func.textrw_init, ro section .iar.init_table,
          ro section .init_array, ro section .near.data_init,
          ro section .near.rodata, ro section .near_func.text,
          ro section .near_func.textrw_init, ro section .tiny.data_init,
          ro section .tiny.rodata_init };
"P4":  place in [from 0x008000 to 0x00ffff] {
          ro section .far.rodata, ro section .far_func.text };
"P5":  place in [from 0x008000 to 0x00ffff] {
          ro section .huge.rodata, ro section .huge_func.text };
do not initialize {
   rw section .eeprom.noinit, rw section .far.noinit, rw section .huge.noinit,
   rw section .near.noinit, rw section .tiny.noinit, rw section .vregs };

No sections matched the following patterns:

  ro section .far.data_init          in "P3-P5"
  ro section .far.rodata             in "P3-P5"
  ro section .far_func.text          in "P3-P5"
  ro section .far_func.textrw_init   in "P3-P5"
  ro section .huge.data_init         in "P3-P5"
  ro section .huge.rodata            in "P3-P5"
  ro section .huge_func.text         in "P3-P5"
  ro section .huge_func.textrw_init  in "P3-P5"
  ro section .iar.init_table         in "P3-P5"
  ro section .init_array             in "P3-P5"
  ro section .near.data_init         in "P3-P5"
  ro section .near_func.textrw_init  in "P3-P5"
  ro section .tiny.data_init         in "P3-P5"
  ro section .tiny.rodata_init       in "P3-P5"
  ro section __DLIB_PERTHREAD_init   in "P3-P5"
  rw section .far.bss                in "P2"
  rw section .far.data               in "P2"
  rw section .far.noinit             in "P2"
  rw section .far_func.textrw        in "P2"
  rw section .huge.bss               in "P2"
  rw section .huge.data              in "P2"
  rw section .huge.noinit            in "P2"
  rw section .huge_func.textrw       in "P2"
  rw section .iar.dynexit            in "P2"
  rw section .near.data              in "P2"
  rw section .near.noinit            in "P2"
  rw section .near_func.textrw       in "P2"
  rw section .tiny.bss               in "P1"
  rw section .tiny.data              in "P1"
  rw section .tiny.noinit            in "P1"
  rw section .tiny.rodata            in "P1"
  rw section __DLIB_PERTHREAD        in "P2"
  section .eeprom.data               in "P6-P8"
  section .eeprom.noinit             in "P6-P8"
  section .eeprom.rodata             in "P6-P8"


  Section          Kind      Address    Size  Object
  -------          ----      -------    ----  ------
"A0":                                   0x10
  .vregs           uninit   0x000000    0x10  vregs.o [4]
                          - 0x000010    0x10

"P2":                                  0x3dd
  .near.bss        zero     0x000010   0x180  test_stack.o [1]
  .near.bss        zero     0x000190   0x180  tests-main.o [1]
  .near.bss        zero     0x000310    0x80  tests-main.o [1]
  .near.bss        zero     0x000390    0x24  test_stack.o [1]
  .near.bss        zero     0x0003b4    0x12  atomkernel.o [1]
  .near.bss        zero     0x0003c6    0x12  tests-main.o [1]
  .near.bss        zero     0x0003d8     0x5  uart.o [1]
  .near.bss        zero     0x0003dd     0x4  atomtimer.o [1]
  .near.bss        zero     0x0003e1     0x3  test_stack.o [1]
  .near.bss        zero     0x0003e4     0x2  atomkernel.o [1]
  .near.bss        zero     0x0003e6     0x2  atomkernel.o [1]
  .near.bss        zero     0x0003e8     0x2  atomkernel.o [1]
  .near.bss        zero     0x0003ea     0x2  atomtimer.o [1]
  .near.bss        zero     0x0003ec     0x1  atomkernel.o [1]
                          - 0x0003ed   0x3dd

"A1":                                  0x100
  CSTACK                    0x000700   0x100  <Block>
    CSTACK         uninit   0x000700   0x100  <Block tail>
                          - 0x000800   0x100

"A2":                                   0x80
  INTVEC                    0x008000    0x80  <Block>
    .intvec        const    0x008000    0x80  interrupt.o [4]
                          - 0x008080    0x80

"P3-P5":                              0x1786
  .near_func.text  ro code  0x008080   0x3a5  xprintfsmall.o [4]
  .near_func.text  ro code  0x008425   0x19d  atomkernel.o [1]
  .near_func.text  ro code  0x0085c2   0x176  xprintfsmall.o [4]
  .near_func.text  ro code  0x008738   0x16c  atommutex.o [1]
  .near_func.text  ro code  0x0088a4   0x119  vreg_util.o [4]
  .near_func.text  ro code  0x0089bd    0xf9  atommutex.o [1]
  .near_func.text  ro code  0x008ab6    0xdc  long.o [4]
  .near_func.text  ro code  0x008b92    0xce  atomtimer.o [1]
  .near_func.text  ro code  0x008c60    0xb3  atomkernel.o [1]
  .near_func.text  ro code  0x008d13    0xa9  atomkernel.o [1]
  .near_func.text  ro code  0x008dbc    0x9c  long_util.o [4]
  .near_func.text  ro code  0x008e58    0x8f  atomtimer.o [1]
  .near_func.text  ro code  0x008ee7    0x76  test_stack.o [1]
  .near_func.text  ro code  0x008f5d    0x5c  atomtimer.o [1]
  .near_func.text  ro code  0x008fb9    0x5a  atommutex.o [1]
  .near_func.text  ro code  0x009013    0x58  atomport-asm-iar.o [1]
  .near_func.text  ro code  0x00906b    0x57  atomkernel.o [1]
  .near_func.text  ro code  0x0090c2    0x55  atomtimer.o [1]
  .near_func.text  ro code  0x009117    0x51  atomkernel.o [1]
  .near_func.text  ro code  0x009168    0x4d  uart.o [1]
  .near_func.text  ro code  0x0091b5    0x4c  tests-main.o [1]
  .near_func.text  ro code  0x009201    0x49  gpio.o [1]
  .near_func.text  ro code  0x00924a    0x42  tests-main.o [1]
  .near.rodata     const    0x00928c    0x41  tests-main.o [1]
  .near_func.text  ro code  0x0092cd    0x3d  xprintfsmall.o [4]
  .near_func.text  ro code  0x00930a    0x3b  uart.o [1]
  .near_func.text  ro code  0x009345    0x37  xprintfsmall.o [4]
  .near_func.text  ro code  0x00937c    0x36  atomport.o [1]
  .near_func.text  ro code  0x0093b2    0x35  xprintfsmall.o [4]
  .near.rodata     const    0x0093e7    0x33  test_stack.o [1]
  .near_func.text  ro code  0x00941a    0x2f  xprintfsmall.o [4]
  .near_func.text  ro code  0x009449    0x28  atomtimer.o [1]
  .near_func.text  ro code  0x009471    0x27  atomkernel.o [1]
  .near_func.text  ro code  0x009498    0x27  uart.o [1]
  .near_func.text  ro code  0x0094bf    0x27  putchar.o [4]
  .near_func.text  ro code  0x0094e6    0x22  atomport.o [1]
  .near_func.text  ro code  0x009508    0x22  atomport.o [1]
  .near_func.text  ro code  0x00952a    0x21  test_stack.o [1]
  .near_func.text  ro code  0x00954b    0x21  memchr.o [4]
  .iar.init_table  const    0x00956c     0x8  - Linker created -
  .near_func.text  ro code  0x009574    0x20  test_stack.o [1]
  .near_func.text  ro code  0x009594    0x1f  atomkernel.o [1]
  .near.rodata     const    0x0095b3    0x1e  test_stack.o [1]
  .near_func.text  ro code  0x0095d1    0x1e  short.o [4]
  .near_func.text  ro code  0x0095ef    0x1e  init_small.o [4]
  .near_func.text  ro code  0x00960d    0x1d  atommutex.o [1]
  .near_func.text  ro code  0x00962a    0x1d  tim1.o [1]
  .near_func.text  ro code  0x009647    0x1d  printf.o [4]
  .near_func.text  ro code  0x009664    0x1c  clk.o [1]
  .near_func.text  ro code  0x009680    0x1b  xprout.o [4]
  .near.rodata     const    0x00969b    0x19  test_stack.o [1]
  .near.rodata     const    0x0096b4    0x19  test_stack.o [1]
  .near_func.text  ro code  0x0096cd    0x19  atomtimer.o [1]
  .near_func.text  ro code  0x0096e6    0x16  atomkernel.o [1]
  .near_func.text  ro code  0x0096fc    0x15  strchr.o [4]
  .near_func.text  ro code  0x009711    0x14  init.o [4]
  .near_func.text  ro code  0x009725    0x14  xprintfsmall.o [4]
  .near_func.text  ro code  0x009739    0x14  __dbg_xxexit.o [3]
  .near_func.text  ro code  0x00974d    0x13  cstartup.o [4]
  .near.rodata     const    0x009760    0x12  test_stack.o [1]
  .near.rodata     const    0x009772    0x12  test_stack.o [1]
  .near_func.text  ro code  0x009784    0x12  atomsem.o [1]
  .near_func.text  ro code  0x009796     0xd  strlen.o [4]
  .near_func.text  ro code  0x0097a3     0xc  atomkernel.o [1]
  .near_func.text  ro code  0x0097af     0xb  xprintfsmall.o [4]
  .near_func.text  ro code  0x0097ba     0xa  xprintfsmall.o [4]
  .near_func.text  ro code  0x0097c4     0x9  xprintfsmall.o [4]
  .near_func.text  ro code  0x0097cd     0x8  xprintfsmall.o [4]
  .near.rodata     const    0x0097d5     0x7  xprintfsmall.o [4]
  .near_func.text  ro code  0x0097dc     0x6  atomport.o [1]
  .near_func.text  ro code  0x0097e2     0x6  xprintfsmall.o [4]
  .near_func.text  ro code  0x0097e8     0x6  xprintfsmall.o [4]
  .near_func.text  ro code  0x0097ee     0x5  cexit.o [4]
  .near.rodata     const    0x0097f3     0x4  tests-main.o [1]
  .near_func.text  ro code  0x0097f7     0x3  interrupt.o [4]
  .near_func.text  ro code  0x0097fa     0x3  low_level_init.o [4]
  .near_func.text  ro code  0x0097fd     0x3  exit.o [4]
  .near_func.text  ro code  0x009800     0x3  unhandled_exception.o [4]
  .near_func.text  ro code  0x009803     0x2  atomkernel.o [1]
  .near_func.text  ro code  0x009805     0x1  __dbg_break.o [3]
                          - 0x009806  0x1786


*******************************************************************************
*** INIT TABLE
***

          Address   Size
          -------   ----
Zero (__iar_zero_init2)
    1 destination range, total size 0x3dd:
          0x000010  0x3dd



*******************************************************************************
*** MODULE SUMMARY
***

    Module                 ro code  ro data  rw data
    ------                 -------  -------  -------
D:\ThucLT\project\FPT_Lab\port_atom_v2\port_atom_v2.2\test_stack\Debug\Obj: [1]
    atomkernel.o             1 035                25
    atommutex.o                732
    atomport-asm-iar.o          88
    atomport.o                 128
    atomsem.o                   18
    atomtimer.o                591                 6
    clk.o                       28
    gpio.o                      73
    test_stack.o               183      167      423
    tests-main.o               142       69      530
    tim1.o                      29
    uart.o                     175                 5
    ------------------------------------------------
    Total:                   3 222      236      989

command line: [2]
    ------------------------------------------------
    Total:

dbgstm8smd.a: [3]
    __dbg_break.o                1
    __dbg_xxexit.o              20
    ------------------------------------------------
    Total:                      21

dlstm8smn.a: [4]
    cexit.o                      5
    cstartup.o                  19
    exit.o                       3
    init.o                      20
    init_small.o                30
    interrupt.o                  3      128
    long.o                     220
    long_util.o                156
    low_level_init.o             3
    memchr.o                    33
    printf.o                    29
    putchar.o                   39
    short.o                     30
    strchr.o                    21
    strlen.o                    13
    unhandled_exception.o        3
    vreg_util.o                281
    vregs.o                                       16
    xprintfsmall.o           1 593        7
    xprout.o                    27
    ------------------------------------------------
    Total:                   2 528      135       16

    Linker created                        8      256
----------------------------------------------------
    Grand Total:             5 771      379    1 261


*******************************************************************************
*** ENTRY LIST
***

Entry                    Address   Size  Type      Object
-----                    -------   ----  ----      ------
.iar.init_table$$Base   0x00956c          --   Gb  - Linker created -
.iar.init_table$$Limit  0x009574          --   Gb  - Linker created -
?and32_l0_l0_0x         0x008b62         Code  Gb  long.o [4]
?and32_l0_l0_l1         0x008b5f         Code  Gb  long.o [4]
?b0                     0x000000         Data  Gb  vregs.o [4]
?b1                     0x000001         Data  Gb  vregs.o [4]
?b10                    0x00000a         Data  Gb  vregs.o [4]
?b11                    0x00000b         Data  Gb  vregs.o [4]
?b12                    0x00000c         Data  Gb  vregs.o [4]
?b13                    0x00000d         Data  Gb  vregs.o [4]
?b14                    0x00000e         Data  Gb  vregs.o [4]
?b15                    0x00000f         Data  Gb  vregs.o [4]
?b2                     0x000002         Data  Gb  vregs.o [4]
?b3                     0x000003         Data  Gb  vregs.o [4]
?b4                     0x000004         Data  Gb  vregs.o [4]
?b5                     0x000005         Data  Gb  vregs.o [4]
?b6                     0x000006         Data  Gb  vregs.o [4]
?b7                     0x000007         Data  Gb  vregs.o [4]
?b8                     0x000008         Data  Gb  vregs.o [4]
?b9                     0x000009         Data  Gb  vregs.o [4]
?dec32_0x_0x            0x008ade         Code  Gb  long.o [4]
?dec32_l1_l1            0x008ad9         Code  Gb  long.o [4]
?e0                     0x000001         Data  Gb  vregs.o [4]
?e1                     0x000005         Data  Gb  vregs.o [4]
?e2                     0x000009         Data  Gb  vregs.o [4]
?e3                     0x00000d         Data  Gb  vregs.o [4]
?epilogue_l2            0x008949         Code  Gb  vreg_util.o [4]
?epilogue_l2_l3         0x008946         Code  Gb  vreg_util.o [4]
?epilogue_l2_w6         0x00894d         Code  Gb  vreg_util.o [4]
?epilogue_w4            0x008954         Code  Gb  vreg_util.o [4]
?inc32_0x_0x            0x008acb         Code  Gb  long.o [4]
?inc32_l0_l0            0x008ac6         Code  Gb  long.o [4]
?l0                     0x000000         Data  Gb  vregs.o [4]
?l1                     0x000004         Data  Gb  vregs.o [4]
?l2                     0x000008         Data  Gb  vregs.o [4]
?l3                     0x00000c         Data  Gb  vregs.o [4]
?load32_0x_l0           0x008dfe         Code  Gb  long_util.o [4]
?load32_0x_l1           0x008e0c         Code  Gb  long_util.o [4]
?load32_0x_l2           0x008e2b         Code  Gb  long_util.o [4]
?load32_0x_l3           0x008e4a         Code  Gb  long_util.o [4]
?load32_asp_l0          0x008df2         Code  Gb  long_util.o [4]
?load32_asp_l2          0x008e1f         Code  Gb  long_util.o [4]
?load32_asp_l3          0x008e3e         Code  Gb  long_util.o [4]
?load32_dbsp_l0         0x008ded         Code  Gb  long_util.o [4]
?load32_dbsp_l2         0x008e1a         Code  Gb  long_util.o [4]
?load32_dbsp_l3         0x008e39         Code  Gb  long_util.o [4]
?load32_l0_0x           0x008dcc         Code  Gb  long_util.o [4]
?load32_l0_asp          0x008dc1         Code  Gb  long_util.o [4]
?load32_l0_dbsp         0x008dbc         Code  Gb  long_util.o [4]
?load32_l0_xsp          0x008dc3         Code  Gb  long_util.o [4]
?load32_l1_0x           0x008de1         Code  Gb  long_util.o [4]
?load32_l1_xsp          0x008dd8         Code  Gb  long_util.o [4]
?load32_xsp_l0          0x008df4         Code  Gb  long_util.o [4]
?load32_xsp_l2          0x008e21         Code  Gb  long_util.o [4]
?load32_xsp_l3          0x008e40         Code  Gb  long_util.o [4]
?mov_e0_e2              0x00898c         Code  Gb  vreg_util.o [4]
?mov_e1_e0              0x008999         Code  Gb  vreg_util.o [4]
?mov_e2_e0              0x0089a6         Code  Gb  vreg_util.o [4]
?mov_e3_e0              0x0089b3         Code  Gb  vreg_util.o [4]
?mov_l0_l2              0x008989         Code  Gb  vreg_util.o [4]
?mov_l1_l0              0x008996         Code  Gb  vreg_util.o [4]
?mov_l2_l0              0x0089a3         Code  Gb  vreg_util.o [4]
?mov_l3_l0              0x0089b0         Code  Gb  vreg_util.o [4]
?mov_w0_w5              0x008958         Code  Gb  vreg_util.o [4]
?mov_w1_w0              0x00895f         Code  Gb  vreg_util.o [4]
?mov_w1_w5              0x00898f         Code  Gb  vreg_util.o [4]
?mov_w2_w0              0x008966         Code  Gb  vreg_util.o [4]
?mov_w3_w1              0x00899c         Code  Gb  vreg_util.o [4]
?mov_w4_w0              0x00896d         Code  Gb  vreg_util.o [4]
?mov_w4_w1              0x008974         Code  Gb  vreg_util.o [4]
?mov_w5_w0              0x00897b         Code  Gb  vreg_util.o [4]
?mov_w5_w1              0x0089a9         Code  Gb  vreg_util.o [4]
?mov_w6_w2              0x008982         Code  Gb  vreg_util.o [4]
?mov_w7_w1              0x0089b6         Code  Gb  vreg_util.o [4]
?mul16_x_x_w0           0x0095d1         Code  Gb  short.o [4]
?neg32_l0_l0            0x008ab6         Code  Gb  long.o [4]
?pop_l0                 0x008912         Code  Gb  vreg_util.o [4]
?pop_l1                 0x00891d         Code  Gb  vreg_util.o [4]
?pop_l2                 0x008928         Code  Gb  vreg_util.o [4]
?pop_l3                 0x008933         Code  Gb  vreg_util.o [4]
?pop_w4                 0x0088cb         Code  Gb  vreg_util.o [4]
?pop_w6                 0x0088d2         Code  Gb  vreg_util.o [4]
?push_l0                0x0088e1         Code  Gb  vreg_util.o [4]
?push_l1                0x0088e6         Code  Gb  vreg_util.o [4]
?push_l2                0x0088eb         Code  Gb  vreg_util.o [4]
?push_l3                0x0088f0         Code  Gb  vreg_util.o [4]
?push_w0                0x0088a4         Code  Gb  vreg_util.o [4]
?push_w1                0x0088a9         Code  Gb  vreg_util.o [4]
?push_w4                0x0088ae         Code  Gb  vreg_util.o [4]
?push_w6                0x0088b3         Code  Gb  vreg_util.o [4]
?sext32_l0_a            0x008b85         Code  Gb  long.o [4]
?sext32_l0_x            0x008b7a         Code  Gb  long.o [4]
?udiv32_l0_l0_l1        0x008af2         Code  Gb  long.o [4]
?umod32_l1_l0_l1        0x008af2         Code  Gb  long.o [4]
?w0                     0x000000         Data  Gb  vregs.o [4]
?w1                     0x000002         Data  Gb  vregs.o [4]
?w2                     0x000004         Data  Gb  vregs.o [4]
?w3                     0x000006         Data  Gb  vregs.o [4]
?w4                     0x000008         Data  Gb  vregs.o [4]
?w5                     0x00000a         Data  Gb  vregs.o [4]
?w6                     0x00000c         Data  Gb  vregs.o [4]
?w7                     0x00000e         Data  Gb  vregs.o [4]
CSTACK$$Base            0x000700          --   Gb  - Linker created -
CSTACK$$Limit           0x000800          --   Gb  - Linker created -
Clk_Init                0x009664   0x1c  Code  Gb  clk.o [1]
GPIO_Init               0x009201   0x49  Code  Gb  gpio.o [1]
INTVEC$$Base            0x008000          --   Gb  - Linker created -
INTVEC$$Limit           0x008080          --   Gb  - Linker created -
LoadInt                 0x0092cd   0x3d  Code  Lc  xprintfsmall.o [4]
Region$$Table$$Base     0x00956c          --   Gb  - Linker created -
Region$$Table$$Limit    0x009574          --   Gb  - Linker created -
TIM1_SystemTickISR      0x009508   0x22  Code  Gb  atomport.o [1]
Tim1_Init               0x00962a   0x1d  Code  Gb  tim1.o [1]
_LitobSmall             0x0085c2  0x176  Code  Lc  xprintfsmall.o [4]
_PrintfSmall            0x008080  0x3a5  Code  Gb  xprintfsmall.o [4]
_Prout                  0x009680   0x1b  Code  Gb  xprout.o [4]
_PutcharSmall           0x00941a   0x2f  Code  Lc  xprintfsmall.o [4]
_PutcharsSmall          0x0093b2   0x35  Code  Lc  xprintfsmall.o [4]
__DebugBreak            0x009805    0x1  Code  Gb  __dbg_break.o [3]
__exit                  0x009739   0x14  Code  Gb  __dbg_xxexit.o [3]
__iar_Memchr            0x00954b   0x21  Code  Gb  memchr.o [4]
__iar_Strchr            0x0096fc   0x15  Code  Gb  strchr.o [4]
__iar_data_init2        0x009711   0x14  Code  Gb  init.o [4]
__iar_program_start     0x00974d         Code  Gb  cstartup.o [4]
__iar_unhandled_exception
                        0x009800         Code  Gb  unhandled_exception.o [4]
__iar_zero_init2        0x0095ef         Code  Gb  init_small.o [4]
__intvec                0x008000         Data  Gb  interrupt.o [4]
__low_level_init        0x0097fa    0x3  Code  Gb  low_level_init.o [4]
__write                 0x009168   0x4d  Code  Gb  uart.o [1]
_exit                   0x0097ee         Code  Gb  cexit.o [4]
_interrupt_25           0x009508         Code  Gb  atomport.o [1]
archContextSwitch       0x009013         Code  Gb  atomport-asm-iar.o [1]
archFirstThreadRestore  0x009050         Code  Gb  atomport-asm-iar.o [1]
archInitSystemTickTimer
                        0x0097dc    0x6  Code  Gb  atomport.o [1]
archThreadContextInit   0x00937c   0x36  Code  Gb  atomport.o [1]
atomCurrentContext      0x0097a3    0xc  Code  Gb  atomkernel.o [1]
atomIdleThread          0x009803    0x2  Code  Lc  atomkernel.o [1]
atomIntCnt              0x0003e8    0x2  Data  Lc  atomkernel.o [1]
atomIntEnter            0x0085b0    0x8  Code  Gb  atomkernel.o [1]
atomIntExit             0x0085b8    0xa  Code  Gb  atomkernel.o [1]
atomMutexCreate         0x00960d   0x1d  Code  Gb  atommutex.o [1]
atomMutexGet            0x008738  0x16c  Code  Gb  atommutex.o [1]
atomMutexPut            0x0089bd   0xf9  Code  Gb  atommutex.o [1]
atomMutexTimerCallback  0x008fb9   0x5a  Code  Lc  atommutex.o [1]
atomOSInit              0x009471   0x27  Code  Gb  atomkernel.o [1]
atomOSStart             0x0096e6   0x16  Code  Gb  atomkernel.o [1]
atomOSStarted           0x0003ec    0x1  Data  Gb  atomkernel.o [1]
atomSched               0x008425   0x9e  Code  Gb  atomkernel.o [1]
atomSemCreate           0x009784   0x12  Code  Gb  atomsem.o [1]
atomThreadCreate        0x0084c3   0xed  Code  Gb  atomkernel.o [1]
atomThreadSwitch        0x009594   0x1f  Code  Lc  atomkernel.o [1]
atomTimerCallbacks      0x008b92   0xce  Code  Lc  atomtimer.o [1]
atomTimerCancel         0x0090c2   0x55  Code  Gb  atomtimer.o [1]
atomTimerDelay          0x008e58   0x8f  Code  Gb  atomtimer.o [1]
atomTimerDelayCallback  0x009449   0x28  Code  Lc  atomtimer.o [1]
atomTimerRegister       0x008f5d   0x5c  Code  Gb  atomtimer.o [1]
atomTimerTick           0x0096cd   0x19  Code  Gb  atomtimer.o [1]
curr_tcb                0x0003e6    0x2  Data  Lc  atomkernel.o [1]
exit                    0x0097fd    0x3  Code  Gb  exit.o [4]
idle_tcb                0x0003b4   0x12  Data  Lc  atomkernel.o [1]
idle_thread_stack       0x000310   0x80  Data  Lc  tests-main.o [1]
main                    0x00924a   0x42  Code  Gb  tests-main.o [1]
main_tcb                0x0003c6   0x12  Data  Lc  tests-main.o [1]
main_thread_func        0x0091b5   0x4c  Code  Lc  tests-main.o [1]
main_thread_stack       0x000190  0x180  Data  Lc  tests-main.o [1]
pad                     0x009345   0x37  Code  Lc  xprintfsmall.o [4]
printf                  0x009647   0x1d  Code  Gb  printf.o [4]
putchar                 0x0094bf   0x27  Code  Gb  putchar.o [4]
sem_test                0x0003e1    0x3  Data  Gb  test_stack.o [1]
strlen                  0x009796    0xd  Code  Gb  strlen.o [4]
system_ticks            0x0003dd    0x4  Data  Lc  atomtimer.o [1]
tcb                     0x000390   0x24  Data  Lc  test_stack.o [1]
tcbDequeueEntry         0x008d13   0xa9  Code  Gb  atomkernel.o [1]
tcbDequeueHead          0x00906b   0x57  Code  Gb  atomkernel.o [1]
tcbDequeuePriority      0x009117   0x51  Code  Gb  atomkernel.o [1]
tcbEnqueuePriority      0x008c60   0xb3  Code  Gb  atomkernel.o [1]
tcbReadyQ               0x0003e4    0x2  Data  Gb  atomkernel.o [1]
test1_thread_func       0x00952a   0x21  Code  Lc  test_stack.o [1]
test2_thread_func       0x009574   0x20  Code  Lc  test_stack.o [1]
test_start              0x008ee7   0x76  Code  Gb  test_stack.o [1]
test_thread_stack       0x000010  0x180  Data  Lc  test_stack.o [1]
thread_shell            0x0094e6   0x22  Code  Lc  atomport.o [1]
timer_queue             0x0003ea    0x2  Data  Lc  atomtimer.o [1]
uart_init               0x009498   0x27  Code  Gb  uart.o [1]
uart_mutex              0x0003d8    0x5  Data  Lc  uart.o [1]
uart_putchar            0x00930a   0x3b  Code  Gb  uart.o [1]


[1] = D:\ThucLT\project\FPT_Lab\port_atom_v2\port_atom_v2.2\test_stack\Debug\Obj
[2] = command line
[3] = dbgstm8smd.a
[4] = dlstm8smn.a

  5 771 bytes of readonly  code memory
    379 bytes of readonly  data memory
  1 261 bytes of readwrite data memory

Errors: 1
Warnings: none
