###############################################################################
#
# IAR ELF Linker V3.11.1.207 for STM8                     11/Jul/2019  15:08:12
# Copyright 2010-2019 IAR Systems AB.
#
#    Output file  =  
#        D:\ThucLT\project\FPT_Lab\stm8l151k6t6\nRF24\Transmit\V01\Debug\Exe\Transmit_V01.out
#    Map file     =  
#        D:\ThucLT\project\FPT_Lab\stm8l151k6t6\nRF24\Transmit\V01\Debug\List\Transmit_V01.map
#    Command line =  
#        -f C:\Users\HERA~1.FGA\AppData\Local\Temp\EW7DC3.tmp
#        (D:\ThucLT\project\FPT_Lab\stm8l151k6t6\nRF24\Transmit\V01\Debug\Obj\clk.o
#        D:\ThucLT\project\FPT_Lab\stm8l151k6t6\nRF24\Transmit\V01\Debug\Obj\exti.o
#        D:\ThucLT\project\FPT_Lab\stm8l151k6t6\nRF24\Transmit\V01\Debug\Obj\gpio.o
#        D:\ThucLT\project\FPT_Lab\stm8l151k6t6\nRF24\Transmit\V01\Debug\Obj\itc.o
#        D:\ThucLT\project\FPT_Lab\stm8l151k6t6\nRF24\Transmit\V01\Debug\Obj\main.o
#        D:\ThucLT\project\FPT_Lab\stm8l151k6t6\nRF24\Transmit\V01\Debug\Obj\nRF24.o
#        D:\ThucLT\project\FPT_Lab\stm8l151k6t6\nRF24\Transmit\V01\Debug\Obj\spi.o
#        D:\ThucLT\project\FPT_Lab\stm8l151k6t6\nRF24\Transmit\V01\Debug\Obj\tim4.o
#        D:\ThucLT\project\FPT_Lab\stm8l151k6t6\nRF24\Transmit\V01\Debug\Obj\usart.o
#        --redirect _Printf=_PrintfSmall --redirect _Scanf=_ScanfSmall
#        --no_out_extension -o
#        D:\ThucLT\project\FPT_Lab\stm8l151k6t6\nRF24\Transmit\V01\Debug\Exe\Transmit_V01.out
#        --map
#        D:\ThucLT\project\FPT_Lab\stm8l151k6t6\nRF24\Transmit\V01\Debug\List\Transmit_V01.map
#        --config "C:\Program Files (x86)\IAR Systems\Embedded Workbench
#        8.3\stm8\config\lnkstm8l151k6.icf" --config_def _CSTACK_SIZE=0x100
#        --config_def _HEAP_SIZE=0x100 --entry __iar_program_start --debug_lib)
#
###############################################################################

*******************************************************************************
*** RUNTIME MODEL ATTRIBUTES
***

__SystemLibrary            = DLib
__code_model               = small
__core                     = stm8
__data_model               = medium
__dlib_file_descriptor     = 0
__dlib_full_locale_support = 0
__rt_version               = 4


*******************************************************************************
*** PLACEMENT SUMMARY
***

"A0":  place at start of [0x000000-0x0000ff] { rw section .vregs };
"A1":  place at end of [0x000000-0x0007ff] { block CSTACK };
"P2":  place in [from 0x000000 to 0x0007ff] {
          block HEAP, rw section __DLIB_PERTHREAD, rw section .far.bss,
          rw section .far.data, rw section .far.noinit,
          rw section .far_func.textrw, rw section .huge.bss,
          rw section .huge.data, rw section .huge.noinit,
          rw section .huge_func.textrw, rw section .iar.dynexit,
          rw section .near.bss, rw section .near.data, rw section .near.noinit,
          rw section .near_func.textrw };
"A2":  place at start of [0x008000-0x00ffff] { block INTVEC };
"P3":  place in [from 0x008000 to 0x00ffff] {
          ro section __DLIB_PERTHREAD_init, ro section .far.data_init,
          ro section .far_func.textrw_init, ro section .huge.data_init,
          ro section .huge_func.textrw_init, ro section .iar.init_table,
          ro section .init_array, ro section .near.data_init,
          ro section .near.rodata, ro section .near_func.text,
          ro section .near_func.textrw_init, ro section .tiny.data_init,
          ro section .tiny.rodata_init };
"P4":  place in [from 0x008000 to 0x00ffff] {
          ro section .far.rodata, ro section .far_func.text };
"P5":  place in [from 0x008000 to 0x00ffff] {
          ro section .huge.rodata, ro section .huge_func.text };
do not initialize {
   rw section .eeprom.noinit, rw section .far.noinit, rw section .huge.noinit,
   rw section .near.noinit, rw section .tiny.noinit, rw section .vregs };

No sections matched the following patterns:

  ro section .far.data_init          in "P3-P5"
  ro section .far.rodata             in "P3-P5"
  ro section .far_func.text          in "P3-P5"
  ro section .far_func.textrw_init   in "P3-P5"
  ro section .huge.data_init         in "P3-P5"
  ro section .huge.rodata            in "P3-P5"
  ro section .huge_func.text         in "P3-P5"
  ro section .huge_func.textrw_init  in "P3-P5"
  ro section .iar.init_table         in "P3-P5"
  ro section .init_array             in "P3-P5"
  ro section .near.data_init         in "P3-P5"
  ro section .near_func.textrw_init  in "P3-P5"
  ro section .tiny.data_init         in "P3-P5"
  ro section .tiny.rodata_init       in "P3-P5"
  ro section __DLIB_PERTHREAD_init   in "P3-P5"
  rw section .far.bss                in "P2"
  rw section .far.data               in "P2"
  rw section .far.noinit             in "P2"
  rw section .far_func.textrw        in "P2"
  rw section .huge.bss               in "P2"
  rw section .huge.data              in "P2"
  rw section .huge.noinit            in "P2"
  rw section .huge_func.textrw       in "P2"
  rw section .iar.dynexit            in "P2"
  rw section .near.data              in "P2"
  rw section .near.noinit            in "P2"
  rw section .near_func.textrw       in "P2"
  rw section .tiny.bss               in "P1"
  rw section .tiny.data              in "P1"
  rw section .tiny.noinit            in "P1"
  rw section .tiny.rodata            in "P1"
  rw section __DLIB_PERTHREAD        in "P2"
  section .eeprom.data               in "P6-P8"
  section .eeprom.noinit             in "P6-P8"
  section .eeprom.rodata             in "P6-P8"


  Section          Kind      Address   Size  Object
  -------          ----      -------   ----  ------
"A0":                                   0xc
  .vregs           uninit   0x000000    0xc  vregs.o [4]
                          - 0x00000c    0xc

"P2":                                   0x4
  .near.bss        zero     0x00000c    0x4  tim4.o [1]
                          - 0x000010    0x4

"A1":                                 0x100
  CSTACK                    0x000700  0x100  <Block>
    CSTACK         uninit   0x000700  0x100  <Block tail>
                          - 0x000800  0x100

"A2":                                  0x80
  INTVEC                    0x008000   0x80  <Block>
    .intvec        const    0x008000   0x80  interrupt.o [4]
                          - 0x008080   0x80

"P3-P5":                              0x382
  .near_func.text  ro code  0x008080   0x71  gpio.o [1]
  .near_func.text  ro code  0x0080f1   0x70  vreg_util.o [4]
  .near_func.text  ro code  0x008161   0x3d  main.o [1]
  .near_func.text  ro code  0x00819e   0x38  spi.o [1]
  .near_func.text  ro code  0x0081d6   0x34  main.o [1]
  .near_func.text  ro code  0x00820a   0x28  nRF24.o [1]
  .near_func.text  ro code  0x008232   0x25  gpio.o [1]
  .near_func.text  ro code  0x008257   0x25  main.o [1]
  .near_func.text  ro code  0x00827c   0x25  usart.o [1]
  .iar.init_table  const    0x0082a1    0x8  - Linker created -
  .near_func.text  ro code  0x0082a9   0x20  clk.o [1]
  .near_func.text  ro code  0x0082c9   0x1e  init_small.o [4]
  .near_func.text  ro code  0x0082e7   0x1a  main.o [1]
  .near_func.text  ro code  0x008301   0x1a  long_util.o [4]
  .near_func.text  ro code  0x00831b   0x19  tim4.o [1]
  .near_func.text  ro code  0x008334   0x19  usart.o [1]
  .near_func.text  ro code  0x00834d   0x14  init.o [4]
  .near_func.text  ro code  0x008361   0x14  __dbg_xxexit.o [3]
  .near_func.text  ro code  0x008375   0x13  cstartup.o [4]
  .near_func.text  ro code  0x008388   0x13  long.o [4]
  .near_func.text  ro code  0x00839b    0xf  spi.o [1]
  .near_func.text  ro code  0x0083aa    0xd  spi.o [1]
  .near.rodata     const    0x0083b7    0x9  main.o [1]
  .near_func.text  ro code  0x0083c0    0x9  exti.o [1]
  .near_func.text  ro code  0x0083c9    0x9  itc.o [1]
  .near_func.text  ro code  0x0083d2    0x9  spi.o [1]
  .near_func.text  ro code  0x0083db    0x9  usart.o [1]
  .near_func.text  ro code  0x0083e4    0x8  short.o [4]
  .near_func.text  ro code  0x0083ec    0x5  cexit.o [4]
  .near.rodata     const    0x0083f1    0x4  main.o [1]
  .near_func.text  ro code  0x0083f5    0x3  interrupt.o [4]
  .near_func.text  ro code  0x0083f8    0x3  low_level_init.o [4]
  .near_func.text  ro code  0x0083fb    0x3  exit.o [4]
  .near_func.text  ro code  0x0083fe    0x3  unhandled_exception.o [4]
  .near_func.text  ro code  0x008401    0x1  __dbg_break.o [3]
                          - 0x008402  0x382


*******************************************************************************
*** INIT TABLE
***

          Address   Size
          -------   ----
Zero (__iar_zero_init2)
    1 destination range, total size 0x4:
          0x00000c   0x4



*******************************************************************************
*** MODULE SUMMARY
***

    Module                 ro code  ro data  rw data
    ------                 -------  -------  -------
D:\ThucLT\project\FPT_Lab\stm8l151k6t6\nRF24\Transmit\V01\Debug\Obj: [1]
    clk.o                       32
    exti.o                       9
    gpio.o                     150
    itc.o                        9
    main.o                     176       13
    nRF24.o                     40
    spi.o                       93
    tim4.o                      25                 4
    usart.o                     71
    ------------------------------------------------
    Total:                     605       13        4

command line: [2]
    ------------------------------------------------
    Total:

dbgstm8smd.a: [3]
    __dbg_break.o                1
    __dbg_xxexit.o              20
    ------------------------------------------------
    Total:                      21

dlstm8smn.a: [4]
    cexit.o                      5
    cstartup.o                  19
    exit.o                       3
    init.o                      20
    init_small.o                30
    interrupt.o                  3      128
    long.o                      19
    long_util.o                 26
    low_level_init.o             3
    short.o                      8
    unhandled_exception.o        3
    vreg_util.o                112
    vregs.o                                       12
    ------------------------------------------------
    Total:                     251      128       12

    Linker created                        8      256
----------------------------------------------------
    Grand Total:               877      149      272


*******************************************************************************
*** ENTRY LIST
***

Entry                    Address  Size  Type      Object
-----                    -------  ----  ----      ------
.iar.init_table$$Base   0x0082a1         --   Gb  - Linker created -
.iar.init_table$$Limit  0x0082a9         --   Gb  - Linker created -
?b0                     0x000000        Data  Gb  vregs.o [4]
?b1                     0x000001        Data  Gb  vregs.o [4]
?b10                    0x00000a        Data  Gb  vregs.o [4]
?b11                    0x00000b        Data  Gb  vregs.o [4]
?b2                     0x000002        Data  Gb  vregs.o [4]
?b3                     0x000003        Data  Gb  vregs.o [4]
?b4                     0x000004        Data  Gb  vregs.o [4]
?b5                     0x000005        Data  Gb  vregs.o [4]
?b6                     0x000006        Data  Gb  vregs.o [4]
?b7                     0x000007        Data  Gb  vregs.o [4]
?b8                     0x000008        Data  Gb  vregs.o [4]
?b9                     0x000009        Data  Gb  vregs.o [4]
?e0                     0x000001        Data  Gb  vregs.o [4]
?e1                     0x000005        Data  Gb  vregs.o [4]
?e2                     0x000009        Data  Gb  vregs.o [4]
?epilogue_w4            0x00815d        Code  Gb  vreg_util.o [4]
?inc32_0x_0x            0x00838d        Code  Gb  long.o [4]
?inc32_l0_l0            0x008388        Code  Gb  long.o [4]
?l0                     0x000000        Data  Gb  vregs.o [4]
?l1                     0x000004        Data  Gb  vregs.o [4]
?l2                     0x000008        Data  Gb  vregs.o [4]
?load32_0x_l0           0x00830d        Code  Gb  long_util.o [4]
?load32_l0_0x           0x008301        Code  Gb  long_util.o [4]
?pop_l0                 0x00813f        Code  Gb  vreg_util.o [4]
?pop_l1                 0x00814a        Code  Gb  vreg_util.o [4]
?pop_w4                 0x008109        Code  Gb  vreg_util.o [4]
?push_l0                0x008118        Code  Gb  vreg_util.o [4]
?push_l1                0x00811d        Code  Gb  vreg_util.o [4]
?push_w4                0x0080f1        Code  Gb  vreg_util.o [4]
?sll16_x_x_a            0x0083e4        Code  Gb  short.o [4]
?w0                     0x000000        Data  Gb  vregs.o [4]
?w1                     0x000002        Data  Gb  vregs.o [4]
?w2                     0x000004        Data  Gb  vregs.o [4]
?w3                     0x000006        Data  Gb  vregs.o [4]
?w4                     0x000008        Data  Gb  vregs.o [4]
?w5                     0x00000a        Data  Gb  vregs.o [4]
CSTACK$$Base            0x000700         --   Gb  - Linker created -
CSTACK$$Limit           0x000800         --   Gb  - Linker created -
Clk_Init                0x0082a9  0x20  Code  Gb  clk.o [1]
EXTI_Handle_Bit_0       0x008257  0x25  Code  Gb  main.o [1]
Exti_Init               0x0083c0   0x9  Code  Gb  exti.o [1]
GPIO_Init               0x008080  0x71  Code  Gb  gpio.o [1]
GPIO_Write_Bit          0x008232  0x25  Code  Gb  gpio.o [1]
INTVEC$$Base            0x008000         --   Gb  - Linker created -
INTVEC$$Limit           0x008080         --   Gb  - Linker created -
Itc_Init                0x0083c9   0x9  Code  Gb  itc.o [1]
Region$$Table$$Base     0x0082a1         --   Gb  - Linker created -
Region$$Table$$Limit    0x0082a9         --   Gb  - Linker created -
SPI_Cmd                 0x0083aa   0xd  Code  Gb  spi.o [1]
SPI_Get_DR              0x00839b   0x4  Code  Gb  spi.o [1]
SPI_Init                0x00819e  0x38  Code  Gb  spi.o [1]
SPI_Send_Sync_One       0x00839f   0xb  Code  Gb  spi.o [1]
SPI_Write_One_Byte      0x0083d2   0x9  Code  Gb  spi.o [1]
TIM4_UPD_OVF_TRG_IRQHandler
                        0x0082e7  0x1a  Code  Gb  main.o [1]
Tim4_Init               0x00831b  0x19  Code  Gb  tim4.o [1]
USART1_Init             0x008334  0x19  Code  Gb  usart.o [1]
USART1_Print_Binary     0x008161  0x3d  Code  Gb  main.o [1]
USART1_Send_Char        0x0083db   0x9  Code  Gb  usart.o [1]
USART1_Send_String      0x00827c  0x25  Code  Gb  usart.o [1]
__DebugBreak            0x008401   0x1  Code  Gb  __dbg_break.o [3]
__exit                  0x008361  0x14  Code  Gb  __dbg_xxexit.o [3]
__iar_data_init2        0x00834d  0x14  Code  Gb  init.o [4]
__iar_program_start     0x008375        Code  Gb  cstartup.o [4]
__iar_unhandled_exception
                        0x0083fe        Code  Gb  unhandled_exception.o [4]
__iar_zero_init2        0x0082c9        Code  Gb  init_small.o [4]
__intvec                0x008000        Data  Gb  interrupt.o [4]
__low_level_init        0x0083f8   0x3  Code  Gb  low_level_init.o [4]
_exit                   0x0083ec        Code  Gb  cexit.o [4]
_interrupt_10           0x008257        Code  Gb  main.o [1]
_interrupt_27           0x0082e7        Code  Gb  main.o [1]
exit                    0x0083fb   0x3  Code  Gb  exit.o [4]
main                    0x0081d6  0x34  Code  Gb  main.o [1]
nRF_Get_Status_Reg      0x00820a  0x28  Code  Gb  nRF24.o [1]
timeCount               0x00000c   0x4  Data  Gb  tim4.o [1]


[1] = D:\ThucLT\project\FPT_Lab\stm8l151k6t6\nRF24\Transmit\V01\Debug\Obj
[2] = command line
[3] = dbgstm8smd.a
[4] = dlstm8smn.a

  877 bytes of readonly  code memory
  149 bytes of readonly  data memory
  272 bytes of readwrite data memory

Errors: none
Warnings: none
