###############################################################################
#
# IAR ELF Linker V3.11.1.207 for STM8                     12/Jul/2019  21:25:25
# Copyright 2010-2019 IAR Systems AB.
#
#    Output file  =  
#        E:\download\Thuc\project\stm8l\stm8l151k6t6\nRF24\Transmit\V01\Debug\Exe\Transmit_V01.out
#    Map file     =  
#        E:\download\Thuc\project\stm8l\stm8l151k6t6\nRF24\Transmit\V01\Debug\List\Transmit_V01.map
#    Command line =  
#        -f C:\Users\17521\AppData\Local\Temp\EW9C9D.tmp
#        (E:\download\Thuc\project\stm8l\stm8l151k6t6\nRF24\Transmit\V01\Debug\Obj\clk.o
#        E:\download\Thuc\project\stm8l\stm8l151k6t6\nRF24\Transmit\V01\Debug\Obj\exti.o
#        E:\download\Thuc\project\stm8l\stm8l151k6t6\nRF24\Transmit\V01\Debug\Obj\gpio.o
#        E:\download\Thuc\project\stm8l\stm8l151k6t6\nRF24\Transmit\V01\Debug\Obj\itc.o
#        E:\download\Thuc\project\stm8l\stm8l151k6t6\nRF24\Transmit\V01\Debug\Obj\main.o
#        E:\download\Thuc\project\stm8l\stm8l151k6t6\nRF24\Transmit\V01\Debug\Obj\nRF24.o
#        E:\download\Thuc\project\stm8l\stm8l151k6t6\nRF24\Transmit\V01\Debug\Obj\spi.o
#        E:\download\Thuc\project\stm8l\stm8l151k6t6\nRF24\Transmit\V01\Debug\Obj\tim4.o
#        E:\download\Thuc\project\stm8l\stm8l151k6t6\nRF24\Transmit\V01\Debug\Obj\usart.o
#        --redirect _Printf=_PrintfSmall --redirect _Scanf=_ScanfSmall
#        --no_out_extension -o
#        E:\download\Thuc\project\stm8l\stm8l151k6t6\nRF24\Transmit\V01\Debug\Exe\Transmit_V01.out
#        --map
#        E:\download\Thuc\project\stm8l\stm8l151k6t6\nRF24\Transmit\V01\Debug\List\Transmit_V01.map
#        --config "C:\Program Files (x86)\IAR Systems\Embedded Workbench
#        8.3_2\stm8\config\lnkstm8l151k6.icf" --config_def _CSTACK_SIZE=0x100
#        --config_def _HEAP_SIZE=0x100 --entry __iar_program_start --debug_lib)
#
###############################################################################

*******************************************************************************
*** RUNTIME MODEL ATTRIBUTES
***

__SystemLibrary            = DLib
__code_model               = small
__core                     = stm8
__data_model               = medium
__dlib_file_descriptor     = 0
__dlib_full_locale_support = 0
__rt_version               = 4


*******************************************************************************
*** PLACEMENT SUMMARY
***

"A0":  place at start of [0x000000-0x0000ff] { rw section .vregs };
"A1":  place at end of [0x000000-0x0007ff] { block CSTACK };
"P2":  place in [from 0x000000 to 0x0007ff] {
          block HEAP, rw section __DLIB_PERTHREAD, rw section .far.bss,
          rw section .far.data, rw section .far.noinit,
          rw section .far_func.textrw, rw section .huge.bss,
          rw section .huge.data, rw section .huge.noinit,
          rw section .huge_func.textrw, rw section .iar.dynexit,
          rw section .near.bss, rw section .near.data, rw section .near.noinit,
          rw section .near_func.textrw };
"A2":  place at start of [0x008000-0x00ffff] { block INTVEC };
"P3":  place in [from 0x008000 to 0x00ffff] {
          ro section __DLIB_PERTHREAD_init, ro section .far.data_init,
          ro section .far_func.textrw_init, ro section .huge.data_init,
          ro section .huge_func.textrw_init, ro section .iar.init_table,
          ro section .init_array, ro section .near.data_init,
          ro section .near.rodata, ro section .near_func.text,
          ro section .near_func.textrw_init, ro section .tiny.data_init,
          ro section .tiny.rodata_init };
"P4":  place in [from 0x008000 to 0x00ffff] {
          ro section .far.rodata, ro section .far_func.text };
"P5":  place in [from 0x008000 to 0x00ffff] {
          ro section .huge.rodata, ro section .huge_func.text };
do not initialize {
   rw section .eeprom.noinit, rw section .far.noinit, rw section .huge.noinit,
   rw section .near.noinit, rw section .tiny.noinit, rw section .vregs };

No sections matched the following patterns:

  ro section .far.data_init          in "P3-P5"
  ro section .far.rodata             in "P3-P5"
  ro section .far_func.text          in "P3-P5"
  ro section .far_func.textrw_init   in "P3-P5"
  ro section .huge.data_init         in "P3-P5"
  ro section .huge.rodata            in "P3-P5"
  ro section .huge_func.text         in "P3-P5"
  ro section .huge_func.textrw_init  in "P3-P5"
  ro section .iar.init_table         in "P3-P5"
  ro section .init_array             in "P3-P5"
  ro section .near.data_init         in "P3-P5"
  ro section .near_func.textrw_init  in "P3-P5"
  ro section .tiny.data_init         in "P3-P5"
  ro section .tiny.rodata_init       in "P3-P5"
  ro section __DLIB_PERTHREAD_init   in "P3-P5"
  rw section .far.bss                in "P2"
  rw section .far.data               in "P2"
  rw section .far.noinit             in "P2"
  rw section .far_func.textrw        in "P2"
  rw section .huge.bss               in "P2"
  rw section .huge.data              in "P2"
  rw section .huge.noinit            in "P2"
  rw section .huge_func.textrw       in "P2"
  rw section .iar.dynexit            in "P2"
  rw section .near.data              in "P2"
  rw section .near.noinit            in "P2"
  rw section .near_func.textrw       in "P2"
  rw section .tiny.bss               in "P1"
  rw section .tiny.data              in "P1"
  rw section .tiny.noinit            in "P1"
  rw section .tiny.rodata            in "P1"
  rw section __DLIB_PERTHREAD        in "P2"
  section .eeprom.data               in "P6-P8"
  section .eeprom.noinit             in "P6-P8"
  section .eeprom.rodata             in "P6-P8"


  Section          Kind      Address   Size  Object
  -------          ----      -------   ----  ------
"A0":                                  0x10
  .vregs           uninit   0x000000   0x10  vregs.o [4]
                          - 0x000010   0x10

"P2":                                   0x6
  .near.bss        zero     0x000010    0x4  main.o [1]
  .near.bss        zero     0x000014    0x2  main.o [1]
                          - 0x000016    0x6

"A1":                                 0x100
  CSTACK                    0x000700  0x100  <Block>
    CSTACK         uninit   0x000700  0x100  <Block tail>
                          - 0x000800  0x100

"A2":                                  0x80
  INTVEC                    0x008000   0x80  <Block>
    .intvec        const    0x008000   0x80  interrupt.o [4]
                          - 0x008080   0x80

"P3-P5":                              0x832
  .near_func.text  ro code  0x008080  0x23c  nRF24.o [1]
  .near_func.text  ro code  0x0082bc   0xb6  main.o [1]
  .near_func.text  ro code  0x008372   0xa4  vreg_util.o [4]
  .near_func.text  ro code  0x008416   0x95  gpio.o [1]
  .near_func.text  ro code  0x0084ab   0x54  main.o [1]
  .near_func.text  ro code  0x0084ff   0x54  main.o [1]
  .near_func.text  ro code  0x008553   0x54  main.o [1]
  .near_func.text  ro code  0x0085a7   0x54  main.o [1]
  .near_func.text  ro code  0x0085fb   0x4a  spi.o [1]
  .near_func.text  ro code  0x008645   0x3d  nRF24.o [1]
  .near_func.text  ro code  0x008682   0x38  spi.o [1]
  .near_func.text  ro code  0x0086ba   0x30  nRF24.o [1]
  .near_func.text  ro code  0x0086ea   0x25  gpio.o [1]
  .near_func.text  ro code  0x00870f   0x25  usart.o [1]
  .near_func.text  ro code  0x008734   0x23  long.o [4]
  .near_func.text  ro code  0x008757   0x21  exti.o [1]
  .near_func.text  ro code  0x008778   0x21  itc.o [1]
  .iar.init_table  const    0x008799    0x8  - Linker created -
  .near_func.text  ro code  0x0087a1   0x20  clk.o [1]
  .near_func.text  ro code  0x0087c1   0x1e  init_small.o [4]
  .near_func.text  ro code  0x0087df   0x19  usart.o [1]
  .near_func.text  ro code  0x0087f8   0x14  init.o [4]
  .near_func.text  ro code  0x00880c   0x14  __dbg_xxexit.o [3]
  .near_func.text  ro code  0x008820   0x13  cstartup.o [4]
  .near_func.text  ro code  0x008833    0xf  spi.o [1]
  .near_func.text  ro code  0x008842    0xf  short.o [4]
  .near_func.text  ro code  0x008851    0xd  spi.o [1]
  .near_func.text  ro code  0x00885e    0xd  move.o [4]
  .near_func.text  ro code  0x00886b    0x9  spi.o [1]
  .near_func.text  ro code  0x008874    0x9  usart.o [1]
  .near.rodata     const    0x00887d    0x5  main.o [1]
  .near.rodata     const    0x008882    0x5  main.o [1]
  .near.rodata     const    0x008887    0x5  main.o [1]
  .near.rodata     const    0x00888c    0x5  main.o [1]
  .near.rodata     const    0x008891    0x5  main.o [1]
  .near.rodata     const    0x008896    0x5  main.o [1]
  .near.rodata     const    0x00889b    0x5  main.o [1]
  .near_func.text  ro code  0x0088a0    0x5  cexit.o [4]
  .near_func.text  ro code  0x0088a5    0x3  interrupt.o [4]
  .near_func.text  ro code  0x0088a8    0x3  low_level_init.o [4]
  .near_func.text  ro code  0x0088ab    0x3  exit.o [4]
  .near_func.text  ro code  0x0088ae    0x3  unhandled_exception.o [4]
  .near_func.text  ro code  0x0088b1    0x1  __dbg_break.o [3]
                          - 0x0088b2  0x832


*******************************************************************************
*** INIT TABLE
***

          Address   Size
          -------   ----
Zero (__iar_zero_init2)
    1 destination range, total size 0x6:
          0x000010   0x6



*******************************************************************************
*** MODULE SUMMARY
***

    Module                 ro code  ro data  rw data
    ------                 -------  -------  -------
E:\download\Thuc\project\stm8l\stm8l151k6t6\nRF24\Transmit\V01\Debug\Obj: [1]
    clk.o                       32
    exti.o                      33
    gpio.o                     186
    itc.o                       33
    main.o                     518       35        6
    nRF24.o                    681
    spi.o                      167
    usart.o                     71
    ------------------------------------------------
    Total:                   1 721       35        6

command line: [2]
    ------------------------------------------------
    Total:

dbgstm8smd.a: [3]
    __dbg_break.o                1
    __dbg_xxexit.o              20
    ------------------------------------------------
    Total:                      21

dlstm8smn.a: [4]
    cexit.o                      5
    cstartup.o                  19
    exit.o                       3
    init.o                      20
    init_small.o                30
    interrupt.o                  3      128
    long.o                      35
    low_level_init.o             3
    move.o                      13
    short.o                     15
    unhandled_exception.o        3
    vreg_util.o                164
    vregs.o                                       16
    ------------------------------------------------
    Total:                     313      128       16

    Linker created                        8      256
----------------------------------------------------
    Grand Total:             2 055      171      278


*******************************************************************************
*** ENTRY LIST
***

Entry                    Address  Size  Type      Object
-----                    -------  ----  ----      ------
.iar.init_table$$Base   0x008799         --   Gb  - Linker created -
.iar.init_table$$Limit  0x0087a1         --   Gb  - Linker created -
?b0                     0x000000        Data  Gb  vregs.o [4]
?b1                     0x000001        Data  Gb  vregs.o [4]
?b10                    0x00000a        Data  Gb  vregs.o [4]
?b11                    0x00000b        Data  Gb  vregs.o [4]
?b12                    0x00000c        Data  Gb  vregs.o [4]
?b13                    0x00000d        Data  Gb  vregs.o [4]
?b14                    0x00000e        Data  Gb  vregs.o [4]
?b15                    0x00000f        Data  Gb  vregs.o [4]
?b2                     0x000002        Data  Gb  vregs.o [4]
?b3                     0x000003        Data  Gb  vregs.o [4]
?b4                     0x000004        Data  Gb  vregs.o [4]
?b5                     0x000005        Data  Gb  vregs.o [4]
?b6                     0x000006        Data  Gb  vregs.o [4]
?b7                     0x000007        Data  Gb  vregs.o [4]
?b8                     0x000008        Data  Gb  vregs.o [4]
?b9                     0x000009        Data  Gb  vregs.o [4]
?e0                     0x000001        Data  Gb  vregs.o [4]
?e1                     0x000005        Data  Gb  vregs.o [4]
?e2                     0x000009        Data  Gb  vregs.o [4]
?e3                     0x00000d        Data  Gb  vregs.o [4]
?epilogue_l2            0x008401        Code  Gb  vreg_util.o [4]
?epilogue_l2_l3         0x0083fe        Code  Gb  vreg_util.o [4]
?epilogue_w4            0x008405        Code  Gb  vreg_util.o [4]
?inc32_0x_0x            0x00873e        Code  Gb  long.o [4]
?inc32_l0_l0            0x008734        Code  Gb  long.o [4]
?inc32_l2_l2            0x008739        Code  Gb  long.o [4]
?l0                     0x000000        Data  Gb  vregs.o [4]
?l1                     0x000004        Data  Gb  vregs.o [4]
?l2                     0x000008        Data  Gb  vregs.o [4]
?l3                     0x00000c        Data  Gb  vregs.o [4]
?mov_e1_e0              0x00840c        Code  Gb  vreg_util.o [4]
?mov_l1_l0              0x008409        Code  Gb  vreg_util.o [4]
?mov_w3_w1              0x00840f        Code  Gb  vreg_util.o [4]
?move1616_v_x_y_a       0x00885e        Code  Gb  move.o [4]
?pop_l0                 0x0083ca        Code  Gb  vreg_util.o [4]
?pop_l1                 0x0083d5        Code  Gb  vreg_util.o [4]
?pop_l2                 0x0083e0        Code  Gb  vreg_util.o [4]
?pop_l3                 0x0083eb        Code  Gb  vreg_util.o [4]
?pop_w4                 0x00838a        Code  Gb  vreg_util.o [4]
?push_l0                0x008399        Code  Gb  vreg_util.o [4]
?push_l1                0x00839e        Code  Gb  vreg_util.o [4]
?push_l2                0x0083a3        Code  Gb  vreg_util.o [4]
?push_l3                0x0083a8        Code  Gb  vreg_util.o [4]
?push_w4                0x008372        Code  Gb  vreg_util.o [4]
?sext16_x_a             0x00884a        Code  Gb  short.o [4]
?sll16_x_x_a            0x008842        Code  Gb  short.o [4]
?ucmp32_c_l0_l1         0x00874c        Code  Gb  long.o [4]
?w0                     0x000000        Data  Gb  vregs.o [4]
?w1                     0x000002        Data  Gb  vregs.o [4]
?w2                     0x000004        Data  Gb  vregs.o [4]
?w3                     0x000006        Data  Gb  vregs.o [4]
?w4                     0x000008        Data  Gb  vregs.o [4]
?w5                     0x00000a        Data  Gb  vregs.o [4]
?w6                     0x00000c        Data  Gb  vregs.o [4]
?w7                     0x00000e        Data  Gb  vregs.o [4]
CSTACK$$Base            0x000700         --   Gb  - Linker created -
CSTACK$$Limit           0x000800         --   Gb  - Linker created -
Clk_Init                0x0087a1  0x20  Code  Gb  clk.o [1]
EXTI_Handle_Bit_0       0x0084ab  0x54  Code  Gb  main.o [1]
EXTI_Handle_Bit_1       0x0084ff  0x54  Code  Gb  main.o [1]
EXTI_Handle_Bit_2       0x008553  0x54  Code  Gb  main.o [1]
EXTI_Handle_Bit_3       0x0085a7  0x54  Code  Gb  main.o [1]
Exti_Init               0x008757  0x21  Code  Gb  exti.o [1]
GPIO_Init               0x008416  0x95  Code  Gb  gpio.o [1]
GPIO_Write_Bit          0x0086ea  0x25  Code  Gb  gpio.o [1]
INTVEC$$Base            0x008000         --   Gb  - Linker created -
INTVEC$$Limit           0x008080         --   Gb  - Linker created -
Itc_Init                0x008778  0x21  Code  Gb  itc.o [1]
Region$$Table$$Base     0x008799         --   Gb  - Linker created -
Region$$Table$$Limit    0x0087a1         --   Gb  - Linker created -
SPI_Cmd                 0x008851   0xd  Code  Gb  spi.o [1]
SPI_Get_DR              0x008833   0x4  Code  Gb  spi.o [1]
SPI_Init                0x008682  0x38  Code  Gb  spi.o [1]
SPI_Send_Sync_One       0x008837   0xb  Code  Gb  spi.o [1]
SPI_Write_Multi_Bytes   0x0085fb  0x4a  Code  Gb  spi.o [1]
SPI_Write_One_Byte      0x00886b   0x9  Code  Gb  spi.o [1]
USART1_Init             0x0087df  0x19  Code  Gb  usart.o [1]
USART1_Send_Char        0x008874   0x9  Code  Gb  usart.o [1]
USART1_Send_String      0x00870f  0x25  Code  Gb  usart.o [1]
User_nRF_Send           0x008298  0x24  Code  Gb  nRF24.o [1]
__DebugBreak            0x0088b1   0x1  Code  Gb  __dbg_break.o [3]
__exit                  0x00880c  0x14  Code  Gb  __dbg_xxexit.o [3]
__iar_data_init2        0x0087f8  0x14  Code  Gb  init.o [4]
__iar_program_start     0x008820        Code  Gb  cstartup.o [4]
__iar_unhandled_exception
                        0x0088ae        Code  Gb  unhandled_exception.o [4]
__iar_zero_init2        0x0087c1        Code  Gb  init_small.o [4]
__intvec                0x008000        Data  Gb  interrupt.o [4]
__low_level_init        0x0088a8   0x3  Code  Gb  low_level_init.o [4]
_exit                   0x0088a0        Code  Gb  cexit.o [4]
_interrupt_10           0x0084ab        Code  Gb  main.o [1]
_interrupt_11           0x0084ff        Code  Gb  main.o [1]
_interrupt_12           0x008553        Code  Gb  main.o [1]
_interrupt_13           0x0085a7        Code  Gb  main.o [1]
exit                    0x0088ab   0x3  Code  Gb  exit.o [4]
main                    0x0082bc  0xb6  Code  Gb  main.o [1]
nRF_Config              0x008129  0xe7  Code  Gb  nRF24.o [1]
nRF_Delay               0x0086ba  0x30  Code  Gb  nRF24.o [1]
nRF_Get_Status_Reg      0x008645  0x3d  Code  Gb  nRF24.o [1]
nRF_Is_Sending          0x008210   0xe  Code  Gb  nRF24.o [1]
nRF_Powerup_TX          0x00821e   0x8  Code  Gb  nRF24.o [1]
nRF_Send                0x008226  0x72  Code  Gb  nRF24.o [1]
nRF_Write_Multi_Regs    0x0080c4  0x65  Code  Gb  nRF24.o [1]
nRF_Write_One_Reg       0x008080  0x44  Code  Gb  nRF24.o [1]
payloadRF               0x000014   0x2  Data  Gb  main.o [1]
state                   0x000010   0x4  Data  Gb  main.o [1]


[1] = E:\download\Thuc\project\stm8l\stm8l151k6t6\nRF24\Transmit\V01\Debug\Obj
[2] = command line
[3] = dbgstm8smd.a
[4] = dlstm8smn.a

  2 055 bytes of readonly  code memory
    171 bytes of readonly  data memory
    278 bytes of readwrite data memory

Errors: none
Warnings: none
