###############################################################################
#
# IAR ELF Linker V3.11.1.207 for STM8                     12/Jul/2019  09:21:11
# Copyright 2010-2019 IAR Systems AB.
#
#    Output file  =  
#        D:\ThucLT\project\FPT_Lab\stm8l151k6t6\nRF24\Transmit\V01\Debug\Exe\Transmit_V01.out
#    Map file     =  
#        D:\ThucLT\project\FPT_Lab\stm8l151k6t6\nRF24\Transmit\V01\Debug\List\Transmit_V01.map
#    Command line =  
#        -f C:\Users\HERA~1.FGA\AppData\Local\Temp\EW1A99.tmp
#        (D:\ThucLT\project\FPT_Lab\stm8l151k6t6\nRF24\Transmit\V01\Debug\Obj\clk.o
#        D:\ThucLT\project\FPT_Lab\stm8l151k6t6\nRF24\Transmit\V01\Debug\Obj\exti.o
#        D:\ThucLT\project\FPT_Lab\stm8l151k6t6\nRF24\Transmit\V01\Debug\Obj\gpio.o
#        D:\ThucLT\project\FPT_Lab\stm8l151k6t6\nRF24\Transmit\V01\Debug\Obj\itc.o
#        D:\ThucLT\project\FPT_Lab\stm8l151k6t6\nRF24\Transmit\V01\Debug\Obj\main.o
#        D:\ThucLT\project\FPT_Lab\stm8l151k6t6\nRF24\Transmit\V01\Debug\Obj\nRF24.o
#        D:\ThucLT\project\FPT_Lab\stm8l151k6t6\nRF24\Transmit\V01\Debug\Obj\spi.o
#        D:\ThucLT\project\FPT_Lab\stm8l151k6t6\nRF24\Transmit\V01\Debug\Obj\tim4.o
#        D:\ThucLT\project\FPT_Lab\stm8l151k6t6\nRF24\Transmit\V01\Debug\Obj\usart.o
#        --redirect _Printf=_PrintfSmall --redirect _Scanf=_ScanfSmall
#        --no_out_extension -o
#        D:\ThucLT\project\FPT_Lab\stm8l151k6t6\nRF24\Transmit\V01\Debug\Exe\Transmit_V01.out
#        --map
#        D:\ThucLT\project\FPT_Lab\stm8l151k6t6\nRF24\Transmit\V01\Debug\List\Transmit_V01.map
#        --config "C:\Program Files (x86)\IAR Systems\Embedded Workbench
#        8.3\stm8\config\lnkstm8l151k6.icf" --config_def _CSTACK_SIZE=0x100
#        --config_def _HEAP_SIZE=0x100 --entry __iar_program_start --debug_lib)
#
###############################################################################

*******************************************************************************
*** RUNTIME MODEL ATTRIBUTES
***

__SystemLibrary            = DLib
__code_model               = small
__core                     = stm8
__data_model               = medium
__dlib_file_descriptor     = 0
__dlib_full_locale_support = 0
__rt_version               = 4


*******************************************************************************
*** PLACEMENT SUMMARY
***

"A0":  place at start of [0x000000-0x0000ff] { rw section .vregs };
"A1":  place at end of [0x000000-0x0007ff] { block CSTACK };
"P2":  place in [from 0x000000 to 0x0007ff] {
          block HEAP, rw section __DLIB_PERTHREAD, rw section .far.bss,
          rw section .far.data, rw section .far.noinit,
          rw section .far_func.textrw, rw section .huge.bss,
          rw section .huge.data, rw section .huge.noinit,
          rw section .huge_func.textrw, rw section .iar.dynexit,
          rw section .near.bss, rw section .near.data, rw section .near.noinit,
          rw section .near_func.textrw };
"A2":  place at start of [0x008000-0x00ffff] { block INTVEC };
"P3":  place in [from 0x008000 to 0x00ffff] {
          ro section __DLIB_PERTHREAD_init, ro section .far.data_init,
          ro section .far_func.textrw_init, ro section .huge.data_init,
          ro section .huge_func.textrw_init, ro section .iar.init_table,
          ro section .init_array, ro section .near.data_init,
          ro section .near.rodata, ro section .near_func.text,
          ro section .near_func.textrw_init, ro section .tiny.data_init,
          ro section .tiny.rodata_init };
"P4":  place in [from 0x008000 to 0x00ffff] {
          ro section .far.rodata, ro section .far_func.text };
"P5":  place in [from 0x008000 to 0x00ffff] {
          ro section .huge.rodata, ro section .huge_func.text };
do not initialize {
   rw section .eeprom.noinit, rw section .far.noinit, rw section .huge.noinit,
   rw section .near.noinit, rw section .tiny.noinit, rw section .vregs };

No sections matched the following patterns:

  ro section .far.data_init          in "P3-P5"
  ro section .far.rodata             in "P3-P5"
  ro section .far_func.text          in "P3-P5"
  ro section .far_func.textrw_init   in "P3-P5"
  ro section .huge.data_init         in "P3-P5"
  ro section .huge.rodata            in "P3-P5"
  ro section .huge_func.text         in "P3-P5"
  ro section .huge_func.textrw_init  in "P3-P5"
  ro section .iar.init_table         in "P3-P5"
  ro section .init_array             in "P3-P5"
  ro section .near.data_init         in "P3-P5"
  ro section .near_func.textrw_init  in "P3-P5"
  ro section .tiny.data_init         in "P3-P5"
  ro section .tiny.rodata_init       in "P3-P5"
  ro section __DLIB_PERTHREAD_init   in "P3-P5"
  rw section .far.bss                in "P2"
  rw section .far.data               in "P2"
  rw section .far.noinit             in "P2"
  rw section .far_func.textrw        in "P2"
  rw section .huge.bss               in "P2"
  rw section .huge.data              in "P2"
  rw section .huge.noinit            in "P2"
  rw section .huge_func.textrw       in "P2"
  rw section .iar.dynexit            in "P2"
  rw section .near.data              in "P2"
  rw section .near.noinit            in "P2"
  rw section .near_func.textrw       in "P2"
  rw section .tiny.bss               in "P1"
  rw section .tiny.data              in "P1"
  rw section .tiny.noinit            in "P1"
  rw section .tiny.rodata            in "P1"
  rw section __DLIB_PERTHREAD        in "P2"
  section .eeprom.data               in "P6-P8"
  section .eeprom.noinit             in "P6-P8"
  section .eeprom.rodata             in "P6-P8"


  Section          Kind      Address   Size  Object
  -------          ----      -------   ----  ------
"A0":                                  0x10
  .vregs           uninit   0x000000   0x10  vregs.o [4]
                          - 0x000010   0x10

"P2":                                   0x4
  .near.bss        zero     0x000010    0x4  tim4.o [1]
                          - 0x000014    0x4

"A1":                                 0x100
  CSTACK                    0x000700  0x100  <Block>
    CSTACK         uninit   0x000700  0x100  <Block tail>
                          - 0x000800  0x100

"A2":                                  0x80
  INTVEC                    0x008000   0x80  <Block>
    .intvec        const    0x008000   0x80  interrupt.o [4]
                          - 0x008080   0x80

"P3-P5":                              0x5b5
  .near_func.text  ro code  0x008080   0xe7  nRF24.o [1]
  .near_func.text  ro code  0x008167   0xb0  main.o [1]
  .near_func.text  ro code  0x008217   0x97  vreg_util.o [4]
  .near_func.text  ro code  0x0082ae   0x71  gpio.o [1]
  .near_func.text  ro code  0x00831f   0x50  nRF24.o [1]
  .near_func.text  ro code  0x00836f   0x3d  main.o [1]
  .near_func.text  ro code  0x0083ac   0x38  spi.o [1]
  .near_func.text  ro code  0x0083e4   0x30  nRF24.o [1]
  .near_func.text  ro code  0x008414   0x2f  nRF24.o [1]
  .near_func.text  ro code  0x008443   0x27  main.o [1]
  .near_func.text  ro code  0x00846a   0x25  gpio.o [1]
  .near_func.text  ro code  0x00848f   0x25  usart.o [1]
  .iar.init_table  const    0x0084b4    0x8  - Linker created -
  .near_func.text  ro code  0x0084bc   0x20  clk.o [1]
  .near_func.text  ro code  0x0084dc   0x1e  init_small.o [4]
  .near_func.text  ro code  0x0084fa   0x1a  main.o [1]
  .near_func.text  ro code  0x008514   0x1a  long_util.o [4]
  .near_func.text  ro code  0x00852e   0x19  tim4.o [1]
  .near_func.text  ro code  0x008547   0x19  usart.o [1]
  .near_func.text  ro code  0x008560   0x14  init.o [4]
  .near_func.text  ro code  0x008574   0x14  __dbg_xxexit.o [3]
  .near_func.text  ro code  0x008588   0x13  cstartup.o [4]
  .near_func.text  ro code  0x00859b   0x13  long.o [4]
  .near_func.text  ro code  0x0085ae    0xf  spi.o [1]
  .near_func.text  ro code  0x0085bd    0xf  short.o [4]
  .near_func.text  ro code  0x0085cc    0xd  spi.o [1]
  .near_func.text  ro code  0x0085d9    0xd  move.o [4]
  .near_func.text  ro code  0x0085e6    0x9  exti.o [1]
  .near_func.text  ro code  0x0085ef    0x9  itc.o [1]
  .near_func.text  ro code  0x0085f8    0x9  spi.o [1]
  .near_func.text  ro code  0x008601    0x9  usart.o [1]
  .near.rodata     const    0x00860a    0x6  main.o [1]
  .near.rodata     const    0x008610    0x5  main.o [1]
  .near.rodata     const    0x008615    0x5  main.o [1]
  .near.rodata     const    0x00861a    0x5  main.o [1]
  .near_func.text  ro code  0x00861f    0x5  cexit.o [4]
  .near.rodata     const    0x008624    0x4  main.o [1]
  .near_func.text  ro code  0x008628    0x3  interrupt.o [4]
  .near_func.text  ro code  0x00862b    0x3  low_level_init.o [4]
  .near_func.text  ro code  0x00862e    0x3  exit.o [4]
  .near_func.text  ro code  0x008631    0x3  unhandled_exception.o [4]
  .near_func.text  ro code  0x008634    0x1  __dbg_break.o [3]
                          - 0x008635  0x5b5


*******************************************************************************
*** INIT TABLE
***

          Address   Size
          -------   ----
Zero (__iar_zero_init2)
    1 destination range, total size 0x4:
          0x000010   0x4



*******************************************************************************
*** MODULE SUMMARY
***

    Module                 ro code  ro data  rw data
    ------                 -------  -------  -------
D:\ThucLT\project\FPT_Lab\stm8l151k6t6\nRF24\Transmit\V01\Debug\Obj: [1]
    clk.o                       32
    exti.o                       9
    gpio.o                     150
    itc.o                        9
    main.o                     302       25
    nRF24.o                    406
    spi.o                       93
    tim4.o                      25                 4
    usart.o                     71
    ------------------------------------------------
    Total:                   1 097       25        4

command line: [2]
    ------------------------------------------------
    Total:

dbgstm8smd.a: [3]
    __dbg_break.o                1
    __dbg_xxexit.o              20
    ------------------------------------------------
    Total:                      21

dlstm8smn.a: [4]
    cexit.o                      5
    cstartup.o                  19
    exit.o                       3
    init.o                      20
    init_small.o                30
    interrupt.o                  3      128
    long.o                      19
    long_util.o                 26
    low_level_init.o             3
    move.o                      13
    short.o                     15
    unhandled_exception.o        3
    vreg_util.o                151
    vregs.o                                       16
    ------------------------------------------------
    Total:                     310      128       16

    Linker created                        8      256
----------------------------------------------------
    Grand Total:             1 428      161      276


*******************************************************************************
*** ENTRY LIST
***

Entry                    Address  Size  Type      Object
-----                    -------  ----  ----      ------
.iar.init_table$$Base   0x0084b4         --   Gb  - Linker created -
.iar.init_table$$Limit  0x0084bc         --   Gb  - Linker created -
?b0                     0x000000        Data  Gb  vregs.o [4]
?b1                     0x000001        Data  Gb  vregs.o [4]
?b10                    0x00000a        Data  Gb  vregs.o [4]
?b11                    0x00000b        Data  Gb  vregs.o [4]
?b12                    0x00000c        Data  Gb  vregs.o [4]
?b13                    0x00000d        Data  Gb  vregs.o [4]
?b14                    0x00000e        Data  Gb  vregs.o [4]
?b15                    0x00000f        Data  Gb  vregs.o [4]
?b2                     0x000002        Data  Gb  vregs.o [4]
?b3                     0x000003        Data  Gb  vregs.o [4]
?b4                     0x000004        Data  Gb  vregs.o [4]
?b5                     0x000005        Data  Gb  vregs.o [4]
?b6                     0x000006        Data  Gb  vregs.o [4]
?b7                     0x000007        Data  Gb  vregs.o [4]
?b8                     0x000008        Data  Gb  vregs.o [4]
?b9                     0x000009        Data  Gb  vregs.o [4]
?e0                     0x000001        Data  Gb  vregs.o [4]
?e1                     0x000005        Data  Gb  vregs.o [4]
?e2                     0x000009        Data  Gb  vregs.o [4]
?e3                     0x00000d        Data  Gb  vregs.o [4]
?epilogue_l2            0x00829f        Code  Gb  vreg_util.o [4]
?epilogue_l2_w6         0x0082a3        Code  Gb  vreg_util.o [4]
?epilogue_w4            0x0082aa        Code  Gb  vreg_util.o [4]
?inc32_0x_0x            0x0085a0        Code  Gb  long.o [4]
?inc32_l0_l0            0x00859b        Code  Gb  long.o [4]
?l0                     0x000000        Data  Gb  vregs.o [4]
?l1                     0x000004        Data  Gb  vregs.o [4]
?l2                     0x000008        Data  Gb  vregs.o [4]
?l3                     0x00000c        Data  Gb  vregs.o [4]
?load32_0x_l0           0x008520        Code  Gb  long_util.o [4]
?load32_l0_0x           0x008514        Code  Gb  long_util.o [4]
?move1616_v_x_y_a       0x0085d9        Code  Gb  move.o [4]
?pop_l0                 0x008276        Code  Gb  vreg_util.o [4]
?pop_l1                 0x008281        Code  Gb  vreg_util.o [4]
?pop_l2                 0x00828c        Code  Gb  vreg_util.o [4]
?pop_w4                 0x008234        Code  Gb  vreg_util.o [4]
?pop_w6                 0x00823b        Code  Gb  vreg_util.o [4]
?push_l0                0x00824a        Code  Gb  vreg_util.o [4]
?push_l1                0x00824f        Code  Gb  vreg_util.o [4]
?push_l2                0x008254        Code  Gb  vreg_util.o [4]
?push_w4                0x008217        Code  Gb  vreg_util.o [4]
?push_w6                0x00821c        Code  Gb  vreg_util.o [4]
?sext16_x_a             0x0085c5        Code  Gb  short.o [4]
?sll16_x_x_a            0x0085bd        Code  Gb  short.o [4]
?w0                     0x000000        Data  Gb  vregs.o [4]
?w1                     0x000002        Data  Gb  vregs.o [4]
?w2                     0x000004        Data  Gb  vregs.o [4]
?w3                     0x000006        Data  Gb  vregs.o [4]
?w4                     0x000008        Data  Gb  vregs.o [4]
?w5                     0x00000a        Data  Gb  vregs.o [4]
?w6                     0x00000c        Data  Gb  vregs.o [4]
?w7                     0x00000e        Data  Gb  vregs.o [4]
CSTACK$$Base            0x000700         --   Gb  - Linker created -
CSTACK$$Limit           0x000800         --   Gb  - Linker created -
Clk_Init                0x0084bc  0x20  Code  Gb  clk.o [1]
EXTI_Handle_Bit_0       0x008443  0x27  Code  Gb  main.o [1]
Exti_Init               0x0085e6   0x9  Code  Gb  exti.o [1]
GPIO_Init               0x0082ae  0x71  Code  Gb  gpio.o [1]
GPIO_Write_Bit          0x00846a  0x25  Code  Gb  gpio.o [1]
INTVEC$$Base            0x008000         --   Gb  - Linker created -
INTVEC$$Limit           0x008080         --   Gb  - Linker created -
Itc_Init                0x0085ef   0x9  Code  Gb  itc.o [1]
Region$$Table$$Base     0x0084b4         --   Gb  - Linker created -
Region$$Table$$Limit    0x0084bc         --   Gb  - Linker created -
SPI_Cmd                 0x0085cc   0xd  Code  Gb  spi.o [1]
SPI_Get_DR              0x0085ae   0x4  Code  Gb  spi.o [1]
SPI_Init                0x0083ac  0x38  Code  Gb  spi.o [1]
SPI_Send_Sync_One       0x0085b2   0xb  Code  Gb  spi.o [1]
SPI_Write_One_Byte      0x0085f8   0x9  Code  Gb  spi.o [1]
TIM4_UPD_OVF_TRG_IRQHandler
                        0x0084fa  0x1a  Code  Gb  main.o [1]
Tim4_Init               0x00852e  0x19  Code  Gb  tim4.o [1]
USART1_Init             0x008547  0x19  Code  Gb  usart.o [1]
USART1_Print_Binary     0x00836f  0x3d  Code  Gb  main.o [1]
USART1_Send_Char        0x008601   0x9  Code  Gb  usart.o [1]
USART1_Send_String      0x00848f  0x25  Code  Gb  usart.o [1]
__DebugBreak            0x008634   0x1  Code  Gb  __dbg_break.o [3]
__exit                  0x008574  0x14  Code  Gb  __dbg_xxexit.o [3]
__iar_data_init2        0x008560  0x14  Code  Gb  init.o [4]
__iar_program_start     0x008588        Code  Gb  cstartup.o [4]
__iar_unhandled_exception
                        0x008631        Code  Gb  unhandled_exception.o [4]
__iar_zero_init2        0x0084dc        Code  Gb  init_small.o [4]
__intvec                0x008000        Data  Gb  interrupt.o [4]
__low_level_init        0x00862b   0x3  Code  Gb  low_level_init.o [4]
_exit                   0x00861f        Code  Gb  cexit.o [4]
_interrupt_10           0x008443        Code  Gb  main.o [1]
_interrupt_27           0x0084fa        Code  Gb  main.o [1]
exit                    0x00862e   0x3  Code  Gb  exit.o [4]
main                    0x008167  0xb0  Code  Gb  main.o [1]
nRF_Config              0x008080  0xe7  Code  Gb  nRF24.o [1]
nRF_Read_One_Reg        0x0083e4  0x30  Code  Gb  nRF24.o [1]
nRF_Write_Multi_Regs    0x00831f  0x50  Code  Gb  nRF24.o [1]
nRF_Write_One_Reg       0x008414  0x2f  Code  Gb  nRF24.o [1]
timeCount               0x000010   0x4  Data  Gb  tim4.o [1]


[1] = D:\ThucLT\project\FPT_Lab\stm8l151k6t6\nRF24\Transmit\V01\Debug\Obj
[2] = command line
[3] = dbgstm8smd.a
[4] = dlstm8smn.a

  1 428 bytes of readonly  code memory
    161 bytes of readonly  data memory
    276 bytes of readwrite data memory

Errors: none
Warnings: none
